Archive member included to satisfy reference by file (symbol)

C:/ST/STM32CubeIDE_1.13.2/STM32CubeIDE/plugins/com.st.stm32cube.ide.mcu.externaltools.gnu-tools-for-stm32.12.3.rel1.win32_1.0.100.202403111256/tools/bin/../lib/gcc/arm-none-eabi/12.3.1/../../../../arm-none-eabi/lib/thumb/v7e-m+fp/hard\libc_nano.a(libc_a-exit.o)
                              C:/ST/STM32CubeIDE_1.13.2/STM32CubeIDE/plugins/com.st.stm32cube.ide.mcu.externaltools.gnu-tools-for-stm32.12.3.rel1.win32_1.0.100.202403111256/tools/bin/../lib/gcc/arm-none-eabi/12.3.1/../../../../arm-none-eabi/lib/thumb/v7e-m+fp/hard/crt0.o (exit)
C:/ST/STM32CubeIDE_1.13.2/STM32CubeIDE/plugins/com.st.stm32cube.ide.mcu.externaltools.gnu-tools-for-stm32.12.3.rel1.win32_1.0.100.202403111256/tools/bin/../lib/gcc/arm-none-eabi/12.3.1/../../../../arm-none-eabi/lib/thumb/v7e-m+fp/hard\libc_nano.a(libc_a-findfp.o)
                              C:/ST/STM32CubeIDE_1.13.2/STM32CubeIDE/plugins/com.st.stm32cube.ide.mcu.externaltools.gnu-tools-for-stm32.12.3.rel1.win32_1.0.100.202403111256/tools/bin/../lib/gcc/arm-none-eabi/12.3.1/../../../../arm-none-eabi/lib/thumb/v7e-m+fp/hard\libc_nano.a(libc_a-exit.o) (__stdio_exit_handler)
C:/ST/STM32CubeIDE_1.13.2/STM32CubeIDE/plugins/com.st.stm32cube.ide.mcu.externaltools.gnu-tools-for-stm32.12.3.rel1.win32_1.0.100.202403111256/tools/bin/../lib/gcc/arm-none-eabi/12.3.1/../../../../arm-none-eabi/lib/thumb/v7e-m+fp/hard\libc_nano.a(libc_a-fwalk.o)
                              C:/ST/STM32CubeIDE_1.13.2/STM32CubeIDE/plugins/com.st.stm32cube.ide.mcu.externaltools.gnu-tools-for-stm32.12.3.rel1.win32_1.0.100.202403111256/tools/bin/../lib/gcc/arm-none-eabi/12.3.1/../../../../arm-none-eabi/lib/thumb/v7e-m+fp/hard\libc_nano.a(libc_a-findfp.o) (_fwalk_sglue)
C:/ST/STM32CubeIDE_1.13.2/STM32CubeIDE/plugins/com.st.stm32cube.ide.mcu.externaltools.gnu-tools-for-stm32.12.3.rel1.win32_1.0.100.202403111256/tools/bin/../lib/gcc/arm-none-eabi/12.3.1/../../../../arm-none-eabi/lib/thumb/v7e-m+fp/hard\libc_nano.a(libc_a-printf.o)
                              ./Middlewares/ST/STM32_WPAN/utilities/dbg_trace.o (printf)
C:/ST/STM32CubeIDE_1.13.2/STM32CubeIDE/plugins/com.st.stm32cube.ide.mcu.externaltools.gnu-tools-for-stm32.12.3.rel1.win32_1.0.100.202403111256/tools/bin/../lib/gcc/arm-none-eabi/12.3.1/../../../../arm-none-eabi/lib/thumb/v7e-m+fp/hard\libc_nano.a(libc_a-stdio.o)
                              C:/ST/STM32CubeIDE_1.13.2/STM32CubeIDE/plugins/com.st.stm32cube.ide.mcu.externaltools.gnu-tools-for-stm32.12.3.rel1.win32_1.0.100.202403111256/tools/bin/../lib/gcc/arm-none-eabi/12.3.1/../../../../arm-none-eabi/lib/thumb/v7e-m+fp/hard\libc_nano.a(libc_a-findfp.o) (__sread)
C:/ST/STM32CubeIDE_1.13.2/STM32CubeIDE/plugins/com.st.stm32cube.ide.mcu.externaltools.gnu-tools-for-stm32.12.3.rel1.win32_1.0.100.202403111256/tools/bin/../lib/gcc/arm-none-eabi/12.3.1/../../../../arm-none-eabi/lib/thumb/v7e-m+fp/hard\libc_nano.a(libc_a-vprintf.o)
                              ./Middlewares/ST/STM32_WPAN/utilities/dbg_trace.o (vprintf)
C:/ST/STM32CubeIDE_1.13.2/STM32CubeIDE/plugins/com.st.stm32cube.ide.mcu.externaltools.gnu-tools-for-stm32.12.3.rel1.win32_1.0.100.202403111256/tools/bin/../lib/gcc/arm-none-eabi/12.3.1/../../../../arm-none-eabi/lib/thumb/v7e-m+fp/hard\libc_nano.a(libc_a-memcmp.o)
                              ./Middlewares/ST/STM32_WPAN/ble/core/template/osal.o (memcmp)
C:/ST/STM32CubeIDE_1.13.2/STM32CubeIDE/plugins/com.st.stm32cube.ide.mcu.externaltools.gnu-tools-for-stm32.12.3.rel1.win32_1.0.100.202403111256/tools/bin/../lib/gcc/arm-none-eabi/12.3.1/../../../../arm-none-eabi/lib/thumb/v7e-m+fp/hard\libc_nano.a(libc_a-memset.o)
                              C:/ST/STM32CubeIDE_1.13.2/STM32CubeIDE/plugins/com.st.stm32cube.ide.mcu.externaltools.gnu-tools-for-stm32.12.3.rel1.win32_1.0.100.202403111256/tools/bin/../lib/gcc/arm-none-eabi/12.3.1/../../../../arm-none-eabi/lib/thumb/v7e-m+fp/hard/crt0.o (memset)
C:/ST/STM32CubeIDE_1.13.2/STM32CubeIDE/plugins/com.st.stm32cube.ide.mcu.externaltools.gnu-tools-for-stm32.12.3.rel1.win32_1.0.100.202403111256/tools/bin/../lib/gcc/arm-none-eabi/12.3.1/../../../../arm-none-eabi/lib/thumb/v7e-m+fp/hard\libc_nano.a(libc_a-strrchr.o)
                              ./Middlewares/ST/STM32_WPAN/utilities/dbg_trace.o (strrchr)
C:/ST/STM32CubeIDE_1.13.2/STM32CubeIDE/plugins/com.st.stm32cube.ide.mcu.externaltools.gnu-tools-for-stm32.12.3.rel1.win32_1.0.100.202403111256/tools/bin/../lib/gcc/arm-none-eabi/12.3.1/../../../../arm-none-eabi/lib/thumb/v7e-m+fp/hard\libc_nano.a(libc_a-closer.o)
                              C:/ST/STM32CubeIDE_1.13.2/STM32CubeIDE/plugins/com.st.stm32cube.ide.mcu.externaltools.gnu-tools-for-stm32.12.3.rel1.win32_1.0.100.202403111256/tools/bin/../lib/gcc/arm-none-eabi/12.3.1/../../../../arm-none-eabi/lib/thumb/v7e-m+fp/hard\libc_nano.a(libc_a-stdio.o) (_close_r)
[...]
Memory Configuration

Name             Origin             Length             Attributes
FLASH            0x08000000         0x00080000         xr
RAM              0x20000008         0x0002fff8         xrw
RAM_SHARED       0x20030000         0x00002800         xrw
*default*        0x00000000         0xffffffff

Linker script and memory map

LOAD C:/ST/STM32CubeIDE_1.13.2/STM32CubeIDE/plugins/com.st.stm32cube.ide.mcu.externaltools.gnu-tools-for-stm32.12.3.rel1.win32_1.0.100.202403111256/tools/bin/../lib/gcc/arm-none-eabi/12.3.1/thumb/v7e-m+fp/hard/crti.o
LOAD C:/ST/STM32CubeIDE_1.13.2/STM32CubeIDE/plugins/com.st.stm32cube.ide.mcu.externaltools.gnu-tools-for-stm32.12.3.rel1.win32_1.0.100.202403111256/tools/bin/../lib/gcc/arm-none-eabi/12.3.1/thumb/v7e-m+fp/hard/crtbegin.o
LOAD C:/ST/STM32CubeIDE_1.13.2/STM32CubeIDE/plugins/com.st.stm32cube.ide.mcu.externaltools.gnu-tools-for-stm32.12.3.rel1.win32_1.0.100.202403111256/tools/bin/../lib/gcc/arm-none-eabi/12.3.1/../../../../arm-none-eabi/lib/thumb/v7e-m+fp/hard/crt0.o
LOAD ./Core/Src/app_debug.o
LOAD ./Core/Src/app_entry.o
LOAD ./Core/Src/hw_timerserver.o
LOAD ./Core/Src/main.o
LOAD ./Core/Src/stm32_lpm_if.o
LOAD ./Core/Src/stm32wbxx_hal_msp.o
LOAD ./Core/Src/stm32wbxx_it.o
LOAD ./Core/Src/syscalls.o
LOAD ./Core/Src/sysmem.o
LOAD ./Core/Src/system_stm32wbxx.o
LOAD ./Core/Startup/startup_stm32wb55rgvx.o
LOAD ./Drivers/STM32WBxx_HAL_Driver/Src/stm32wbxx_hal.o
LOAD ./Drivers/STM32WBxx_HAL_Driver/Src/stm32wbxx_hal_cortex.o
LOAD ./Drivers/STM32WBxx_HAL_Driver/Src/stm32wbxx_hal_dma.o
LOAD ./Drivers/STM32WBxx_HAL_Driver/Src/stm32wbxx_hal_dma_ex.o
LOAD ./Drivers/STM32WBxx_HAL_Driver/Src/stm32wbxx_hal_exti.o
LOAD ./Drivers/STM32WBxx_HAL_Driver/Src/stm32wbxx_hal_flash.o
LOAD ./Drivers/STM32WBxx_HAL_Driver/Src/stm32wbxx_hal_flash_ex.o
LOAD ./Drivers/STM32WBxx_HAL_Driver/Src/stm32wbxx_hal_gpio.o
LOAD ./Drivers/STM32WBxx_HAL_Driver/Src/stm32wbxx_hal_hsem.o
LOAD ./Drivers/STM32WBxx_HAL_Driver/Src/stm32wbxx_hal_ipcc.o
LOAD ./Drivers/STM32WBxx_HAL_Driver/Src/stm32wbxx_hal_pwr.o
LOAD ./Drivers/STM32WBxx_HAL_Driver/Src/stm32wbxx_hal_pwr_ex.o
LOAD ./Drivers/STM32WBxx_HAL_Driver/Src/stm32wbxx_hal_rcc.o
LOAD ./Drivers/STM32WBxx_HAL_Driver/Src/stm32wbxx_hal_rcc_ex.o
LOAD ./Drivers/STM32WBxx_HAL_Driver/Src/stm32wbxx_hal_rtc.o
LOAD ./Drivers/STM32WBxx_HAL_Driver/Src/stm32wbxx_hal_rtc_ex.o
LOAD ./Drivers/STM32WBxx_HAL_Driver/Src/stm32wbxx_hal_tim.o
LOAD ./Drivers/STM32WBxx_HAL_Driver/Src/stm32wbxx_hal_tim_ex.o
LOAD ./Drivers/STM32WBxx_HAL_Driver/Src/stm32wbxx_ll_rcc.o
LOAD ./Middlewares/ST/STM32_WPAN/ble/core/auto/ble_events.o
LOAD ./Middlewares/ST/STM32_WPAN/ble/core/auto/ble_gap_aci.o
LOAD ./Middlewares/ST/STM32_WPAN/ble/core/auto/ble_gatt_aci.o
LOAD ./Middlewares/ST/STM32_WPAN/ble/core/auto/ble_hal_aci.o
LOAD ./Middlewares/ST/STM32_WPAN/ble/core/auto/ble_hci_le.o
LOAD ./Middlewares/ST/STM32_WPAN/ble/core/auto/ble_l2cap_aci.o
LOAD ./Middlewares/ST/STM32_WPAN/ble/core/template/osal.o
LOAD ./Middlewares/ST/STM32_WPAN/ble/svc/Src/svc_ctl.o
LOAD ./Middlewares/ST/STM32_WPAN/interface/patterns/ble_thread/shci/shci.o
LOAD ./Middlewares/ST/STM32_WPAN/interface/patterns/ble_thread/tl/hci_tl.o
LOAD ./Middlewares/ST/STM32_WPAN/interface/patterns/ble_thread/tl/hci_tl_if.o
LOAD ./Middlewares/ST/STM32_WPAN/interface/patterns/ble_thread/tl/shci_tl.o
LOAD ./Middlewares/ST/STM32_WPAN/interface/patterns/ble_thread/tl/shci_tl_if.o
LOAD ./Middlewares/ST/STM32_WPAN/interface/patterns/ble_thread/tl/tl_mbox.o
LOAD ./Middlewares/ST/STM32_WPAN/utilities/dbg_trace.o
LOAD ./Middlewares/ST/STM32_WPAN/utilities/otp.o
LOAD ./Middlewares/ST/STM32_WPAN/utilities/stm_list.o
LOAD ./Middlewares/ST/STM32_WPAN/utilities/stm_queue.o
LOAD ./STM32_WPAN/App/app_ble.o
LOAD ./STM32_WPAN/App/custom_app.o
LOAD ./STM32_WPAN/App/custom_stm.o
LOAD ./STM32_WPAN/Target/hw_ipcc.o
LOAD ./Utilities/lpm/tiny_lpm/stm32_lpm.o
LOAD ./Utilities/sequencer/stm32_seq.o
START GROUP
LOAD C:/ST/STM32CubeIDE_1.13.2/STM32CubeIDE/plugins/com.st.stm32cube.ide.mcu.externaltools.gnu-tools-for-stm32.12.3.rel1.win32_1.0.100.202403111256/tools/bin/../lib/gcc/arm-none-eabi/12.3.1/../../../../arm-none-eabi/lib/thumb/v7e-m+fp/hard\libc_nano.a
LOAD C:/ST/STM32CubeIDE_1.13.2/STM32CubeIDE/plugins/com.st.stm32cube.ide.mcu.externaltools.gnu-tools-for-stm32.12.3.rel1.win32_1.0.100.202403111256/tools/bin/../lib/gcc/arm-none-eabi/12.3.1/../../../../arm-none-eabi/lib/thumb/v7e-m+fp/hard\libm.a
END GROUP
START GROUP
LOAD C:/ST/STM32CubeIDE_1.13.2/STM32CubeIDE/plugins/com.st.stm32cube.ide.mcu.externaltools.gnu-tools-for-stm32.12.3.rel1.win32_1.0.100.202403111256/tools/bin/../lib/gcc/arm-none-eabi/12.3.1/thumb/v7e-m+fp/hard\libgcc.a
LOAD C:/ST/STM32CubeIDE_1.13.2/STM32CubeIDE/plugins/com.st.stm32cube.ide.mcu.externaltools.gnu-tools-for-stm32.12.3.rel1.win32_1.0.100.202403111256/tools/bin/../lib/gcc/arm-none-eabi/12.3.1/../../../../arm-none-eabi/lib/thumb/v7e-m+fp/hard\libc_nano.a
END GROUP
START GROUP
LOAD C:/ST/STM32CubeIDE_1.13.2/STM32CubeIDE/plugins/com.st.stm32cube.ide.mcu.externaltools.gnu-tools-for-stm32.12.3.rel1.win32_1.0.100.202403111256/tools/bin/../lib/gcc/arm-none-eabi/12.3.1/thumb/v7e-m+fp/hard\libgcc.a
LOAD C:/ST/STM32CubeIDE_1.13.2/STM32CubeIDE/plugins/com.st.stm32cube.ide.mcu.externaltools.gnu-tools-for-stm32.12.3.rel1.win32_1.0.100.202403111256/tools/bin/../lib/gcc/arm-none-eabi/12.3.1/../../../../arm-none-eabi/lib/thumb/v7e-m+fp/hard\libc_nano.a
LOAD C:/ST/STM32CubeIDE_1.13.2/STM32CubeIDE/plugins/com.st.stm32cube.ide.mcu.externaltools.gnu-tools-for-stm32.12.3.rel1.win32_1.0.100.202403111256/tools/bin/../lib/gcc/arm-none-eabi/12.3.1/../../../../arm-none-eabi/lib/thumb/v7e-m+fp/hard\libnosys.a
END GROUP
START GROUP
LOAD C:/ST/STM32CubeIDE_1.13.2/STM32CubeIDE/plugins/com.st.stm32cube.ide.mcu.externaltools.gnu-tools-for-stm32.12.3.rel1.win32_1.0.100.202403111256/tools/bin/../lib/gcc/arm-none-eabi/12.3.1/thumb/v7e-m+fp/hard\libgcc.a
LOAD C:/ST/STM32CubeIDE_1.13.2/STM32CubeIDE/plugins/com.st.stm32cube.ide.mcu.externaltools.gnu-tools-for-stm32.12.3.rel1.win32_1.0.100.202403111256/tools/bin/../lib/gcc/arm-none-eabi/12.3.1/../../../../arm-none-eabi/lib/thumb/v7e-m+fp/hard\libc_nano.a
LOAD C:/ST/STM32CubeIDE_1.13.2/STM32CubeIDE/plugins/com.st.stm32cube.ide.mcu.externaltools.gnu-tools-for-stm32.12.3.rel1.win32_1.0.100.202403111256/tools/bin/../lib/gcc/arm-none-eabi/12.3.1/../../../../arm-none-eabi/lib/thumb/v7e-m+fp/hard\libnosys.a
END GROUP
LOAD C:/ST/STM32CubeIDE_1.13.2/STM32CubeIDE/plugins/com.st.stm32cube.ide.mcu.externaltools.gnu-tools-for-stm32.12.3.rel1.win32_1.0.100.202403111256/tools/bin/../lib/gcc/arm-none-eabi/12.3.1/thumb/v7e-m+fp/hard/crtend.o
LOAD C:/ST/STM32CubeIDE_1.13.2/STM32CubeIDE/plugins/com.st.stm32cube.ide.mcu.externaltools.gnu-tools-for-stm32.12.3.rel1.win32_1.0.100.202403111256/tools/bin/../lib/gcc/arm-none-eabi/12.3.1/thumb/v7e-m+fp/hard/crtn.o
                0x20030000                        _estack = (ORIGIN (RAM) + LENGTH (RAM))
                0x00000200                        _Min_Heap_Size = 0x200
                0x00000400                        _Min_Stack_Size = 0x400

.isr_vector     0x08000000      0x13c
                0x08000000                        . = ALIGN (0x4)
 *(.isr_vector)
 .isr_vector    0x08000000      0x13c ./Core/Startup/startup_stm32wb55rgvx.o
                0x08000000                g_pfnVectors
                0x0800013c                        . = ALIGN (0x4)

.text           0x0800013c     0x761c
                0x0800013c                        . = ALIGN (0x4)
 *(.text)
 .text          0x0800013c       0x40 C:/ST/STM32CubeIDE_1.13.2/STM32CubeIDE/plugins/com.st.stm32cube.ide.mcu.externaltools.gnu-tools-for-stm32.12.3.rel1.win32_1.0.100.202403111256/tools/bin/../lib/gcc/arm-none-eabi/12.3.1/thumb/v7e-m+fp/hard/crtbegin.o
 .text          0x0800017c       0x10 C:/ST/STM32CubeIDE_1.13.2/STM32CubeIDE/plugins/com.st.stm32cube.ide.mcu.externaltools.gnu-tools-for-stm32.12.3.rel1.win32_1.0.100.202403111256/tools/bin/../lib/gcc/arm-none-eabi/12.3.1/../../../../arm-none-eabi/lib/thumb/v7e-m+fp/hard\libc_nano.a(libc_a-strlen.o)
                0x0800017c                strlen
 *(.text*)
 .text.APPD_EnableCPU2
                0x0800018c       0x38 ./Core/Src/app_debug.o
                0x0800018c                APPD_EnableCPU2
 .text.LL_C2_PWR_SetPowerMode
                0x080001c4       0x2c ./Core/Src/app_entry.o
 .text.LL_EXTI_EnableIT_32_63
                0x080001f0       0x28 ./Core/Src/app_entry.o
 .text.LL_RCC_HSE_SetCapacitorTuning
                0x08000218       0x3c ./Core/Src/app_entry.o
 .text.LL_RCC_SetClkAfterWakeFromStop
                0x08000254       0x28 ./Core/Src/app_entry.o
 .text.LL_DBGMCU_GetDeviceID
                0x0800027c       0x1c ./Core/Src/app_entry.o
 .text.LL_DBGMCU_GetRevisionID
                0x08000298       0x1c ./Core/Src/app_entry.o
 .text.LL_RTC_EnableWriteProtection
                0x080002b4       0x1a ./Core/Src/app_entry.o
 .text.LL_RTC_DisableWriteProtection
                0x080002ce       0x20 ./Core/Src/app_entry.o
 .text.LL_RTC_WAKEUP_SetClock
                0x080002ee       0x26 ./Core/Src/app_entry.o
 .text.MX_APPE_Config
                0x08000314       0x1c ./Core/Src/app_entry.o
                0x08000314                MX_APPE_Config
 .text.MX_APPE_Init
                0x08000330       0x20 ./Core/Src/app_entry.o
                0x08000330                MX_APPE_Init
 .text.Init_Smps
                0x08000350        0xe ./Core/Src/app_entry.o
                0x08000350                Init_Smps
 .text.Init_Exti
                0x0800035e        0xe ./Core/Src/app_entry.o
                0x0800035e                Init_Exti
 .text.Reset_Device
                0x0800036c        0xe ./Core/Src/app_entry.o
 .text.Config_HSE
                0x0800037a       0x28 ./Core/Src/app_entry.o
 .text.System_Init
                0x080003a2       0x14 ./Core/Src/app_entry.o
 *fill*         0x080003b6        0x2 
 .text.Init_Rtc
                0x080003b8       0x20 ./Core/Src/app_entry.o
 .text.SystemPower_Config
                0x080003d8       0x1a ./Core/Src/app_entry.o
 *fill*         0x080003f2        0x2 
 .text.appe_Tl_Init
                0x080003f4       0x6c ./Core/Src/app_entry.o
 .text.APPE_SysStatusNot
                0x08000460       0x16 ./Core/Src/app_entry.o
 *fill*         0x08000476        0x2 
 .text.APPE_SysUserEvtRx
                0x08000478       0x68 ./Core/Src/app_entry.o
 .text.APPE_SysEvtError
                0x080004e0       0x22 ./Core/Src/app_entry.o
 .text.APPE_SysEvtReadyProcessing
                0x08000502       0x88 ./Core/Src/app_entry.o
 .text.MX_APPE_Process
                0x0800058a       0x10 ./Core/Src/app_entry.o
                0x0800058a                MX_APPE_Process
 .text.UTIL_SEQ_Idle
                0x0800059a        0xe ./Core/Src/app_entry.o
                0x0800059a                UTIL_SEQ_Idle
 .text.UTIL_SEQ_EvtIdle
                0x080005a8       0x1a ./Core/Src/app_entry.o
                0x080005a8                UTIL_SEQ_EvtIdle
 .text.shci_notify_asynch_evt
                0x080005c2       0x18 ./Core/Src/app_entry.o
                0x080005c2                shci_notify_asynch_evt
 .text.shci_cmd_resp_release
                0x080005da       0x16 ./Core/Src/app_entry.o
                0x080005da                shci_cmd_resp_release
 .text.shci_cmd_resp_wait
                0x080005f0       0x16 ./Core/Src/app_entry.o
                0x080005f0                shci_cmd_resp_wait
 *fill*         0x08000606        0x2 
 .text.LL_EXTI_EnableIT_0_31
                0x08000608       0x28 ./Core/Src/hw_timerserver.o
 .text.LL_EXTI_EnableRisingTrig_0_31
                0x08000630       0x24 ./Core/Src/hw_timerserver.o
 .text.ReadRtcSsrValue
                0x08000654       0x40 ./Core/Src/hw_timerserver.o
 .text.LinkTimerAfter
                0x08000694       0x8c ./Core/Src/hw_timerserver.o
 .text.LinkTimerBefore
                0x08000720       0xc0 ./Core/Src/hw_timerserver.o
 .text.linkTimer
                0x080007e0      0x154 ./Core/Src/hw_timerserver.o
 .text.UnlinkTimer
                0x08000934      0x108 ./Core/Src/hw_timerserver.o
 .text.ReturnTimeElapsed
                0x08000a3c       0x80 ./Core/Src/hw_timerserver.o
 .text.RestartWakeupCounter
                0x08000abc       0xb0 ./Core/Src/hw_timerserver.o
 .text.RescheduleTimerList
                0x08000b6c      0x134 ./Core/Src/hw_timerserver.o
 .text.HW_TS_RTC_Wakeup_Handler
                0x08000ca0      0x190 ./Core/Src/hw_timerserver.o
                0x08000ca0                HW_TS_RTC_Wakeup_Handler
 .text.HW_TS_Init
                0x08000e30      0x1b4 ./Core/Src/hw_timerserver.o
                0x08000e30                HW_TS_Init
 .text.HW_TS_Stop
                0x08000fe4      0x108 ./Core/Src/hw_timerserver.o
                0x08000fe4                HW_TS_Stop
 .text.HW_TS_Start
                0x080010ec      0x10c ./Core/Src/hw_timerserver.o
                0x080010ec                HW_TS_Start
 .text.HW_TS_RTC_Int_AppNot
                0x080011f8       0x1a ./Core/Src/hw_timerserver.o
                0x080011f8                HW_TS_RTC_Int_AppNot
 .text.LL_RCC_LSE_SetDriveCapability
                0x08001212       0x2c ./Core/Src/main.o
 .text.LL_AHB2_GRP1_EnableClock
                0x0800123e       0x32 ./Core/Src/main.o
 .text.main     0x08001270       0x60 ./Core/Src/main.o
                0x08001270                main
 .text.SystemClock_Config
                0x080012d0       0xc4 ./Core/Src/main.o
                0x080012d0                SystemClock_Config
 .text.PeriphCommonClock_Config
                0x08001394       0x40 ./Core/Src/main.o
                0x08001394                PeriphCommonClock_Config
 .text.MX_IPCC_Init
                0x080013d4       0x28 ./Core/Src/main.o
 .text.MX_RF_Init
                0x080013fc        0xe ./Core/Src/main.o
 *fill*         0x0800140a        0x2 
 .text.MX_RTC_Init
                0x0800140c       0x68 ./Core/Src/main.o
 .text.MX_GPIO_Init
                0x08001474       0x70 ./Core/Src/main.o
 .text.Error_Handler
                0x080014e4        0xc ./Core/Src/main.o
                0x080014e4                Error_Handler
 .text.LL_RCC_EnableRTC
                0x080014f0       0x22 ./Core/Src/stm32wbxx_hal_msp.o
 .text.LL_AHB3_GRP1_EnableClock
                0x08001512       0x32 ./Core/Src/stm32wbxx_hal_msp.o
 .text.LL_APB1_GRP1_EnableClock
                0x08001544       0x32 ./Core/Src/stm32wbxx_hal_msp.o
 .text.HAL_MspInit
                0x08001576       0x30 ./Core/Src/stm32wbxx_hal_msp.o
                0x08001576                HAL_MspInit
 *fill*         0x080015a6        0x2 
 .text.HAL_IPCC_MspInit
                0x080015a8       0x48 ./Core/Src/stm32wbxx_hal_msp.o
                0x080015a8                HAL_IPCC_MspInit
 .text.HAL_RTC_MspInit
                0x080015f0       0x68 ./Core/Src/stm32wbxx_hal_msp.o
                0x080015f0                HAL_RTC_MspInit
 .text.NMI_Handler
                0x08001658        0x8 ./Core/Src/stm32wbxx_it.o
                0x08001658                NMI_Handler
 .text.HardFault_Handler
                0x08001660        0x8 ./Core/Src/stm32wbxx_it.o
                0x08001660                HardFault_Handler
 .text.MemManage_Handler
                0x08001668        0x8 ./Core/Src/stm32wbxx_it.o
                0x08001668                MemManage_Handler
 .text.BusFault_Handler
                0x08001670        0x8 ./Core/Src/stm32wbxx_it.o
                0x08001670                BusFault_Handler
 .text.UsageFault_Handler
                0x08001678        0x8 ./Core/Src/stm32wbxx_it.o
                0x08001678                UsageFault_Handler
 .text.SVC_Handler
                0x08001680        0xe ./Core/Src/stm32wbxx_it.o
                0x08001680                SVC_Handler
 .text.DebugMon_Handler
                0x0800168e        0xe ./Core/Src/stm32wbxx_it.o
                0x0800168e                DebugMon_Handler
 .text.PendSV_Handler
                0x0800169c        0xe ./Core/Src/stm32wbxx_it.o
                0x0800169c                PendSV_Handler
 .text.SysTick_Handler
                0x080016aa        0xc ./Core/Src/stm32wbxx_it.o
                0x080016aa                SysTick_Handler
 .text.RTC_WKUP_IRQHandler
                0x080016b6        0xc ./Core/Src/stm32wbxx_it.o
                0x080016b6                RTC_WKUP_IRQHandler
 .text.RCC_IRQHandler
                0x080016c2        0xe ./Core/Src/stm32wbxx_it.o
                0x080016c2                RCC_IRQHandler
 .text.IPCC_C1_RX_IRQHandler
                0x080016d0        0xc ./Core/Src/stm32wbxx_it.o
                0x080016d0                IPCC_C1_RX_IRQHandler
 .text.IPCC_C1_TX_IRQHandler
                0x080016dc        0xc ./Core/Src/stm32wbxx_it.o
                0x080016dc                IPCC_C1_TX_IRQHandler
 .text.HSEM_IRQHandler
                0x080016e8        0xc ./Core/Src/stm32wbxx_it.o
                0x080016e8                HSEM_IRQHandler
 .text.SystemInit
                0x080016f4       0xa4 ./Core/Src/system_stm32wbxx.o
                0x080016f4                SystemInit
 .text.data_initializers
                0x08001798       0x18 ./Core/Startup/startup_stm32wb55rgvx.o
 .text.Reset_Handler
                0x080017b0       0x58 ./Core/Startup/startup_stm32wb55rgvx.o
                0x080017b0                Reset_Handler
 .text.Default_Handler
                0x08001808        0x2 ./Core/Startup/startup_stm32wb55rgvx.o
                0x08001808                RTC_Alarm_IRQHandler
                0x08001808                EXTI2_IRQHandler
                0x08001808                TIM1_CC_IRQHandler
                0x08001808                TSC_IRQHandler
                0x08001808                USB_HP_IRQHandler
                0x08001808                EXTI3_IRQHandler
                0x08001808                LPTIM2_IRQHandler
                0x08001808                I2C3_ER_IRQHandler
                0x08001808                EXTI0_IRQHandler
                0x08001808                FPU_IRQHandler
                0x08001808                TIM1_UP_TIM16_IRQHandler
                0x08001808                AES1_IRQHandler
                0x08001808                SPI1_IRQHandler
                0x08001808                PWR_SOTF_BLEACT_802ACT_RFPHASE_IRQHandler
                0x08001808                DMA2_Channel2_IRQHandler
                0x08001808                DMA1_Channel4_IRQHandler
                0x08001808                ADC1_IRQHandler
                0x08001808                PKA_IRQHandler
                0x08001808                DMA1_Channel7_IRQHandler
                0x08001808                LCD_IRQHandler
                0x08001808                DMA2_Channel1_IRQHandler
                0x08001808                QUADSPI_IRQHandler
                0x08001808                I2C1_EV_IRQHandler
                0x08001808                DMAMUX1_OVR_IRQHandler
                0x08001808                DMA1_Channel6_IRQHandler
                0x08001808                DMA2_Channel4_IRQHandler
                0x08001808                DMA1_Channel1_IRQHandler
                0x08001808                Default_Handler
                0x08001808                DMA2_Channel7_IRQHandler
                0x08001808                EXTI15_10_IRQHandler
                0x08001808                C2SEV_PWR_C2H_IRQHandler
                0x08001808                AES2_IRQHandler
                0x08001808                I2C3_EV_IRQHandler
                0x08001808                EXTI9_5_IRQHandler
                0x08001808                PVD_PVM_IRQHandler
                0x08001808                SPI2_IRQHandler
                0x08001808                DMA2_Channel5_IRQHandler
                0x08001808                CRS_IRQHandler
                0x08001808                DMA1_Channel5_IRQHandler
                0x08001808                USB_LP_IRQHandler
                0x08001808                EXTI4_IRQHandler
                0x08001808                RNG_IRQHandler
                0x08001808                TIM1_TRG_COM_TIM17_IRQHandler
                0x08001808                TAMP_STAMP_LSECSS_IRQHandler
                0x08001808                DMA1_Channel3_IRQHandler
                0x08001808                COMP_IRQHandler
                0x08001808                WWDG_IRQHandler
                0x08001808                LPUART1_IRQHandler
                0x08001808                DMA2_Channel6_IRQHandler
                0x08001808                TIM2_IRQHandler
                0x08001808                TIM1_BRK_IRQHandler
                0x08001808                EXTI1_IRQHandler
                0x08001808                DMA1_Channel2_IRQHandler
                0x08001808                FLASH_IRQHandler
                0x08001808                USART1_IRQHandler
                0x08001808                I2C1_ER_IRQHandler
                0x08001808                LPTIM1_IRQHandler
                0x08001808                SAI1_IRQHandler
                0x08001808                DMA2_Channel3_IRQHandler
 *fill*         0x0800180a        0x2 
 .text.HAL_Init
                0x0800180c       0x40 ./Drivers/STM32WBxx_HAL_Driver/Src/stm32wbxx_hal.o
                0x0800180c                HAL_Init
 .text.HAL_InitTick
                0x0800184c       0x74 ./Drivers/STM32WBxx_HAL_Driver/Src/stm32wbxx_hal.o
                0x0800184c                HAL_InitTick
 .text.HAL_IncTick
                0x080018c0       0x28 ./Drivers/STM32WBxx_HAL_Driver/Src/stm32wbxx_hal.o
                0x080018c0                HAL_IncTick
 .text.HAL_GetTick
                0x080018e8       0x18 ./Drivers/STM32WBxx_HAL_Driver/Src/stm32wbxx_hal.o
                0x080018e8                HAL_GetTick
 .text.HAL_GetTickPrio
                0x08001900       0x18 ./Drivers/STM32WBxx_HAL_Driver/Src/stm32wbxx_hal.o
                0x08001900                HAL_GetTickPrio
 .text.__NVIC_SetPriorityGrouping
                0x08001918       0x48 ./Drivers/STM32WBxx_HAL_Driver/Src/stm32wbxx_hal_cortex.o
 .text.__NVIC_GetPriorityGrouping
                0x08001960       0x1c ./Drivers/STM32WBxx_HAL_Driver/Src/stm32wbxx_hal_cortex.o
 .text.__NVIC_EnableIRQ
                0x0800197c       0x3c ./Drivers/STM32WBxx_HAL_Driver/Src/stm32wbxx_hal_cortex.o
 .text.__NVIC_DisableIRQ
                0x080019b8       0x48 ./Drivers/STM32WBxx_HAL_Driver/Src/stm32wbxx_hal_cortex.o
 .text.__NVIC_SetPendingIRQ
                0x08001a00       0x3c ./Drivers/STM32WBxx_HAL_Driver/Src/stm32wbxx_hal_cortex.o
 .text.__NVIC_ClearPendingIRQ
                0x08001a3c       0x3c ./Drivers/STM32WBxx_HAL_Driver/Src/stm32wbxx_hal_cortex.o
 .text.__NVIC_SetPriority
                0x08001a78       0x54 ./Drivers/STM32WBxx_HAL_Driver/Src/stm32wbxx_hal_cortex.o
 .text.NVIC_EncodePriority
                0x08001acc       0x66 ./Drivers/STM32WBxx_HAL_Driver/Src/stm32wbxx_hal_cortex.o
 *fill*         0x08001b32        0x2 
 .text.SysTick_Config
                0x08001b34       0x44 ./Drivers/STM32WBxx_HAL_Driver/Src/stm32wbxx_hal_cortex.o
 .text.HAL_NVIC_SetPriorityGrouping
                0x08001b78       0x16 ./Drivers/STM32WBxx_HAL_Driver/Src/stm32wbxx_hal_cortex.o
                0x08001b78                HAL_NVIC_SetPriorityGrouping
 .text.HAL_NVIC_SetPriority
                0x08001b8e       0x34 ./Drivers/STM32WBxx_HAL_Driver/Src/stm32wbxx_hal_cortex.o
                0x08001b8e                HAL_NVIC_SetPriority
 .text.HAL_NVIC_EnableIRQ
                0x08001bc2       0x1c ./Drivers/STM32WBxx_HAL_Driver/Src/stm32wbxx_hal_cortex.o
                0x08001bc2                HAL_NVIC_EnableIRQ
 .text.HAL_NVIC_DisableIRQ
                0x08001bde       0x1c ./Drivers/STM32WBxx_HAL_Driver/Src/stm32wbxx_hal_cortex.o
                0x08001bde                HAL_NVIC_DisableIRQ
 .text.HAL_SYSTICK_Config
                0x08001bfa       0x18 ./Drivers/STM32WBxx_HAL_Driver/Src/stm32wbxx_hal_cortex.o
                0x08001bfa                HAL_SYSTICK_Config
 .text.HAL_NVIC_SetPendingIRQ
                0x08001c12       0x1c ./Drivers/STM32WBxx_HAL_Driver/Src/stm32wbxx_hal_cortex.o
                0x08001c12                HAL_NVIC_SetPendingIRQ
 .text.HAL_NVIC_ClearPendingIRQ
                0x08001c2e       0x1c ./Drivers/STM32WBxx_HAL_Driver/Src/stm32wbxx_hal_cortex.o
                0x08001c2e                HAL_NVIC_ClearPendingIRQ
 *fill*         0x08001c4a        0x2 
 .text.HAL_GPIO_Init
                0x08001c4c      0x2e0 ./Drivers/STM32WBxx_HAL_Driver/Src/stm32wbxx_hal_gpio.o
                0x08001c4c                HAL_GPIO_Init
 .text.HAL_GPIO_ReadPin
                0x08001f2c       0x30 ./Drivers/STM32WBxx_HAL_Driver/Src/stm32wbxx_hal_gpio.o
                0x08001f2c                HAL_GPIO_ReadPin
 .text.HAL_GPIO_WritePin
                0x08001f5c       0x30 ./Drivers/STM32WBxx_HAL_Driver/Src/stm32wbxx_hal_gpio.o
                0x08001f5c                HAL_GPIO_WritePin
 .text.HAL_GPIO_TogglePin
                0x08001f8c       0x34 ./Drivers/STM32WBxx_HAL_Driver/Src/stm32wbxx_hal_gpio.o
                0x08001f8c                HAL_GPIO_TogglePin
 .text.HAL_HSEM_IRQHandler
                0x08001fc0       0x34 ./Drivers/STM32WBxx_HAL_Driver/Src/stm32wbxx_hal_hsem.o
                0x08001fc0                HAL_HSEM_IRQHandler
 .text.HAL_HSEM_FreeCallback
                0x08001ff4       0x14 ./Drivers/STM32WBxx_HAL_Driver/Src/stm32wbxx_hal_hsem.o
                0x08001ff4                HAL_HSEM_FreeCallback
 .text.HAL_IPCC_Init
                0x08002008       0x64 ./Drivers/STM32WBxx_HAL_Driver/Src/stm32wbxx_hal_ipcc.o
                0x08002008                HAL_IPCC_Init
 .text.HAL_IPCC_RxCallback
                0x0800206c       0x1a ./Drivers/STM32WBxx_HAL_Driver/Src/stm32wbxx_hal_ipcc.o
                0x0800206c                HAL_IPCC_RxCallback
 .text.HAL_IPCC_TxCallback
                0x08002086       0x1a ./Drivers/STM32WBxx_HAL_Driver/Src/stm32wbxx_hal_ipcc.o
                0x08002086                HAL_IPCC_TxCallback
 .text.IPCC_SetDefaultCallbacks
                0x080020a0       0x4c ./Drivers/STM32WBxx_HAL_Driver/Src/stm32wbxx_hal_ipcc.o
                0x080020a0                IPCC_SetDefaultCallbacks
 .text.IPCC_Reset_Register
                0x080020ec       0x28 ./Drivers/STM32WBxx_HAL_Driver/Src/stm32wbxx_hal_ipcc.o
                0x080020ec                IPCC_Reset_Register
 .text.HAL_PWR_EnableBkUpAccess
                0x08002114       0x20 ./Drivers/STM32WBxx_HAL_Driver/Src/stm32wbxx_hal_pwr.o
                0x08002114                HAL_PWR_EnableBkUpAccess
 .text.HAL_PWREx_GetVoltageRange
                0x08002134       0x1c ./Drivers/STM32WBxx_HAL_Driver/Src/stm32wbxx_hal_pwr_ex.o
                0x08002134                HAL_PWREx_GetVoltageRange
 .text.LL_RCC_HSE_IsEnabledDiv2
                0x08002150       0x24 ./Drivers/STM32WBxx_HAL_Driver/Src/stm32wbxx_hal_rcc.o
 .text.LL_RCC_HSE_Enable
                0x08002174       0x1e ./Drivers/STM32WBxx_HAL_Driver/Src/stm32wbxx_hal_rcc.o
 .text.LL_RCC_HSE_Disable
                0x08002192       0x1e ./Drivers/STM32WBxx_HAL_Driver/Src/stm32wbxx_hal_rcc.o
 .text.LL_RCC_HSE_IsReady
                0x080021b0       0x24 ./Drivers/STM32WBxx_HAL_Driver/Src/stm32wbxx_hal_rcc.o
 .text.LL_RCC_HSI_Enable
                0x080021d4       0x1e ./Drivers/STM32WBxx_HAL_Driver/Src/stm32wbxx_hal_rcc.o
 .text.LL_RCC_HSI_Disable
                0x080021f2       0x1e ./Drivers/STM32WBxx_HAL_Driver/Src/stm32wbxx_hal_rcc.o
 .text.LL_RCC_HSI_IsReady
                0x08002210       0x24 ./Drivers/STM32WBxx_HAL_Driver/Src/stm32wbxx_hal_rcc.o
 .text.LL_RCC_HSI_SetCalibTrimming
                0x08002234       0x2a ./Drivers/STM32WBxx_HAL_Driver/Src/stm32wbxx_hal_rcc.o
 .text.LL_RCC_HSI48_Enable
                0x0800225e       0x22 ./Drivers/STM32WBxx_HAL_Driver/Src/stm32wbxx_hal_rcc.o
 .text.LL_RCC_HSI48_Disable
                0x08002280       0x22 ./Drivers/STM32WBxx_HAL_Driver/Src/stm32wbxx_hal_rcc.o
 .text.LL_RCC_HSI48_IsReady
                0x080022a2       0x24 ./Drivers/STM32WBxx_HAL_Driver/Src/stm32wbxx_hal_rcc.o
 .text.LL_RCC_LSE_Enable
                0x080022c6       0x22 ./Drivers/STM32WBxx_HAL_Driver/Src/stm32wbxx_hal_rcc.o
 .text.LL_RCC_LSE_Disable
                0x080022e8       0x22 ./Drivers/STM32WBxx_HAL_Driver/Src/stm32wbxx_hal_rcc.o
 .text.LL_RCC_LSE_EnableBypass
                0x0800230a       0x22 ./Drivers/STM32WBxx_HAL_Driver/Src/stm32wbxx_hal_rcc.o
 .text.LL_RCC_LSE_DisableBypass
                0x0800232c       0x22 ./Drivers/STM32WBxx_HAL_Driver/Src/stm32wbxx_hal_rcc.o
 .text.LL_RCC_LSE_IsReady
                0x0800234e       0x24 ./Drivers/STM32WBxx_HAL_Driver/Src/stm32wbxx_hal_rcc.o
 .text.LL_RCC_LSI1_Enable
                0x08002372       0x22 ./Drivers/STM32WBxx_HAL_Driver/Src/stm32wbxx_hal_rcc.o
 .text.LL_RCC_LSI1_Disable
                0x08002394       0x22 ./Drivers/STM32WBxx_HAL_Driver/Src/stm32wbxx_hal_rcc.o
 .text.LL_RCC_LSI1_IsReady
                0x080023b6       0x24 ./Drivers/STM32WBxx_HAL_Driver/Src/stm32wbxx_hal_rcc.o
 .text.LL_RCC_LSI2_Enable
                0x080023da       0x22 ./Drivers/STM32WBxx_HAL_Driver/Src/stm32wbxx_hal_rcc.o
 .text.LL_RCC_LSI2_Disable
                0x080023fc       0x22 ./Drivers/STM32WBxx_HAL_Driver/Src/stm32wbxx_hal_rcc.o
 .text.LL_RCC_LSI2_IsReady
                0x0800241e       0x24 ./Drivers/STM32WBxx_HAL_Driver/Src/stm32wbxx_hal_rcc.o
 .text.LL_RCC_LSI2_SetTrimming
                0x08002442       0x2e ./Drivers/STM32WBxx_HAL_Driver/Src/stm32wbxx_hal_rcc.o
 .text.LL_RCC_MSI_Enable
                0x08002470       0x1e ./Drivers/STM32WBxx_HAL_Driver/Src/stm32wbxx_hal_rcc.o
 .text.LL_RCC_MSI_Disable
                0x0800248e       0x1e ./Drivers/STM32WBxx_HAL_Driver/Src/stm32wbxx_hal_rcc.o
 .text.LL_RCC_MSI_IsReady
                0x080024ac       0x22 ./Drivers/STM32WBxx_HAL_Driver/Src/stm32wbxx_hal_rcc.o
 .text.LL_RCC_MSI_SetRange
                0x080024ce       0x28 ./Drivers/STM32WBxx_HAL_Driver/Src/stm32wbxx_hal_rcc.o
 .text.LL_RCC_MSI_GetRange
                0x080024f6       0x2a ./Drivers/STM32WBxx_HAL_Driver/Src/stm32wbxx_hal_rcc.o
 .text.LL_RCC_MSI_SetCalibTrimming
                0x08002520       0x2a ./Drivers/STM32WBxx_HAL_Driver/Src/stm32wbxx_hal_rcc.o
 .text.LL_RCC_SetSysClkSource
                0x0800254a       0x28 ./Drivers/STM32WBxx_HAL_Driver/Src/stm32wbxx_hal_rcc.o
 .text.LL_RCC_GetSysClkSource
                0x08002572       0x18 ./Drivers/STM32WBxx_HAL_Driver/Src/stm32wbxx_hal_rcc.o
 .text.LL_RCC_SetAHBPrescaler
                0x0800258a       0x28 ./Drivers/STM32WBxx_HAL_Driver/Src/stm32wbxx_hal_rcc.o
 .text.LL_C2_RCC_SetAHBPrescaler
                0x080025b2       0x2c ./Drivers/STM32WBxx_HAL_Driver/Src/stm32wbxx_hal_rcc.o
 .text.LL_RCC_SetAHB4Prescaler
                0x080025de       0x2e ./Drivers/STM32WBxx_HAL_Driver/Src/stm32wbxx_hal_rcc.o
 .text.LL_RCC_SetAPB1Prescaler
                0x0800260c       0x28 ./Drivers/STM32WBxx_HAL_Driver/Src/stm32wbxx_hal_rcc.o
 .text.LL_RCC_SetAPB2Prescaler
                0x08002634       0x28 ./Drivers/STM32WBxx_HAL_Driver/Src/stm32wbxx_hal_rcc.o
 .text.LL_RCC_GetAHBPrescaler
                0x0800265c       0x18 ./Drivers/STM32WBxx_HAL_Driver/Src/stm32wbxx_hal_rcc.o
 .text.LL_RCC_GetAHB4Prescaler
                0x08002674       0x1c ./Drivers/STM32WBxx_HAL_Driver/Src/stm32wbxx_hal_rcc.o
 .text.LL_RCC_PLL_Enable
                0x08002690       0x1e ./Drivers/STM32WBxx_HAL_Driver/Src/stm32wbxx_hal_rcc.o
 .text.LL_RCC_PLL_Disable
                0x080026ae       0x1e ./Drivers/STM32WBxx_HAL_Driver/Src/stm32wbxx_hal_rcc.o
 .text.LL_RCC_PLL_IsReady
                0x080026cc       0x24 ./Drivers/STM32WBxx_HAL_Driver/Src/stm32wbxx_hal_rcc.o
 .text.LL_RCC_PLL_GetN
                0x080026f0       0x1a ./Drivers/STM32WBxx_HAL_Driver/Src/stm32wbxx_hal_rcc.o
 .text.LL_RCC_PLL_GetR
                0x0800270a       0x18 ./Drivers/STM32WBxx_HAL_Driver/Src/stm32wbxx_hal_rcc.o
 .text.LL_RCC_PLL_GetDivider
                0x08002722       0x18 ./Drivers/STM32WBxx_HAL_Driver/Src/stm32wbxx_hal_rcc.o
 .text.LL_RCC_PLL_GetMainSource
                0x0800273a       0x18 ./Drivers/STM32WBxx_HAL_Driver/Src/stm32wbxx_hal_rcc.o
 .text.LL_RCC_IsActiveFlag_HPRE
                0x08002752       0x24 ./Drivers/STM32WBxx_HAL_Driver/Src/stm32wbxx_hal_rcc.o
 .text.LL_RCC_IsActiveFlag_C2HPRE
                0x08002776       0x26 ./Drivers/STM32WBxx_HAL_Driver/Src/stm32wbxx_hal_rcc.o
 .text.LL_RCC_IsActiveFlag_SHDHPRE
                0x0800279c       0x26 ./Drivers/STM32WBxx_HAL_Driver/Src/stm32wbxx_hal_rcc.o
 .text.LL_RCC_IsActiveFlag_PPRE1
                0x080027c2       0x24 ./Drivers/STM32WBxx_HAL_Driver/Src/stm32wbxx_hal_rcc.o
 .text.LL_RCC_IsActiveFlag_PPRE2
                0x080027e6       0x24 ./Drivers/STM32WBxx_HAL_Driver/Src/stm32wbxx_hal_rcc.o
 *fill*         0x0800280a        0x2 
 .text.HAL_RCC_OscConfig
                0x0800280c      0x6e8 ./Drivers/STM32WBxx_HAL_Driver/Src/stm32wbxx_hal_rcc.o
                0x0800280c                HAL_RCC_OscConfig
 .text.HAL_RCC_ClockConfig
                0x08002ef4      0x280 ./Drivers/STM32WBxx_HAL_Driver/Src/stm32wbxx_hal_rcc.o
                0x08002ef4                HAL_RCC_ClockConfig
 .text.HAL_RCC_GetSysClockFreq
                0x08003174       0xd8 ./Drivers/STM32WBxx_HAL_Driver/Src/stm32wbxx_hal_rcc.o
                0x08003174                HAL_RCC_GetSysClockFreq
 .text.HAL_RCC_GetHCLKFreq
                0x0800324c       0x28 ./Drivers/STM32WBxx_HAL_Driver/Src/stm32wbxx_hal_rcc.o
                0x0800324c                HAL_RCC_GetHCLKFreq
 .text.RCC_SetFlashLatencyFromMSIRange
                0x08003274       0x70 ./Drivers/STM32WBxx_HAL_Driver/Src/stm32wbxx_hal_rcc.o
 .text.RCC_SetFlashLatency
                0x080032e4       0xf8 ./Drivers/STM32WBxx_HAL_Driver/Src/stm32wbxx_hal_rcc.o
 .text.LL_RCC_LSE_IsEnabled
                0x080033dc       0x24 ./Drivers/STM32WBxx_HAL_Driver/Src/stm32wbxx_hal_rcc_ex.o
 .text.LL_RCC_LSE_IsReady
                0x08003400       0x24 ./Drivers/STM32WBxx_HAL_Driver/Src/stm32wbxx_hal_rcc_ex.o
 .text.LL_RCC_SetRFWKPClockSource
                0x08003424       0x2c ./Drivers/STM32WBxx_HAL_Driver/Src/stm32wbxx_hal_rcc_ex.o
 .text.LL_RCC_SetSMPSClockSource
                0x08003450       0x28 ./Drivers/STM32WBxx_HAL_Driver/Src/stm32wbxx_hal_rcc_ex.o
 .text.LL_RCC_SetSMPSPrescaler
                0x08003478       0x28 ./Drivers/STM32WBxx_HAL_Driver/Src/stm32wbxx_hal_rcc_ex.o
 .text.LL_RCC_SetUSARTClockSource
                0x080034a0       0x2c ./Drivers/STM32WBxx_HAL_Driver/Src/stm32wbxx_hal_rcc_ex.o
 .text.LL_RCC_SetLPUARTClockSource
                0x080034cc       0x2c ./Drivers/STM32WBxx_HAL_Driver/Src/stm32wbxx_hal_rcc_ex.o
 .text.LL_RCC_SetI2CClockSource
                0x080034f8       0x3a ./Drivers/STM32WBxx_HAL_Driver/Src/stm32wbxx_hal_rcc_ex.o
 .text.LL_RCC_SetLPTIMClockSource
                0x08003532       0x34 ./Drivers/STM32WBxx_HAL_Driver/Src/stm32wbxx_hal_rcc_ex.o
 .text.LL_RCC_SetSAIClockSource
                0x08003566       0x2c ./Drivers/STM32WBxx_HAL_Driver/Src/stm32wbxx_hal_rcc_ex.o
 .text.LL_RCC_SetRNGClockSource
                0x08003592       0x2c ./Drivers/STM32WBxx_HAL_Driver/Src/stm32wbxx_hal_rcc_ex.o
 .text.LL_RCC_SetCLK48ClockSource
                0x080035be       0x2c ./Drivers/STM32WBxx_HAL_Driver/Src/stm32wbxx_hal_rcc_ex.o
 .text.LL_RCC_SetUSBClockSource
                0x080035ea       0x16 ./Drivers/STM32WBxx_HAL_Driver/Src/stm32wbxx_hal_rcc_ex.o
 .text.LL_RCC_SetADCClockSource
                0x08003600       0x2c ./Drivers/STM32WBxx_HAL_Driver/Src/stm32wbxx_hal_rcc_ex.o
 .text.LL_RCC_SetRTCClockSource
                0x0800362c       0x2c ./Drivers/STM32WBxx_HAL_Driver/Src/stm32wbxx_hal_rcc_ex.o
 .text.LL_RCC_GetRTCClockSource
                0x08003658       0x1a ./Drivers/STM32WBxx_HAL_Driver/Src/stm32wbxx_hal_rcc_ex.o
 .text.LL_RCC_ForceBackupDomainReset
                0x08003672       0x22 ./Drivers/STM32WBxx_HAL_Driver/Src/stm32wbxx_hal_rcc_ex.o
 .text.LL_RCC_ReleaseBackupDomainReset
                0x08003694       0x22 ./Drivers/STM32WBxx_HAL_Driver/Src/stm32wbxx_hal_rcc_ex.o
 .text.LL_RCC_PLLSAI1_Enable
                0x080036b6       0x1e ./Drivers/STM32WBxx_HAL_Driver/Src/stm32wbxx_hal_rcc_ex.o
 .text.LL_RCC_PLLSAI1_Disable
                0x080036d4       0x1e ./Drivers/STM32WBxx_HAL_Driver/Src/stm32wbxx_hal_rcc_ex.o
 .text.LL_RCC_PLLSAI1_IsReady
                0x080036f2       0x24 ./Drivers/STM32WBxx_HAL_Driver/Src/stm32wbxx_hal_rcc_ex.o
 .text.HAL_RCCEx_PeriphCLKConfig
                0x08003716      0x2ec ./Drivers/STM32WBxx_HAL_Driver/Src/stm32wbxx_hal_rcc_ex.o
                0x08003716                HAL_RCCEx_PeriphCLKConfig
 .text.RCCEx_PLLSAI1_ConfigNP
                0x08003a02       0xb6 ./Drivers/STM32WBxx_HAL_Driver/Src/stm32wbxx_hal_rcc_ex.o
 .text.RCCEx_PLLSAI1_ConfigNQ
                0x08003ab8       0xb6 ./Drivers/STM32WBxx_HAL_Driver/Src/stm32wbxx_hal_rcc_ex.o
 .text.RCCEx_PLLSAI1_ConfigNR
                0x08003b6e       0xb6 ./Drivers/STM32WBxx_HAL_Driver/Src/stm32wbxx_hal_rcc_ex.o
 .text.HAL_RTC_Init
                0x08003c24      0x160 ./Drivers/STM32WBxx_HAL_Driver/Src/stm32wbxx_hal_rtc.o
                0x08003c24                HAL_RTC_Init
 .text.HAL_RTC_WaitForSynchro
                0x08003d84       0x4c ./Drivers/STM32WBxx_HAL_Driver/Src/stm32wbxx_hal_rtc.o
                0x08003d84                HAL_RTC_WaitForSynchro
 .text.RTC_EnterInitMode
                0x08003dd0       0x54 ./Drivers/STM32WBxx_HAL_Driver/Src/stm32wbxx_hal_rtc.o
                0x08003dd0                RTC_EnterInitMode
 .text.HAL_RTCEx_SetWakeUpTimer_IT
                0x08003e24      0x178 ./Drivers/STM32WBxx_HAL_Driver/Src/stm32wbxx_hal_rtc_ex.o
                0x08003e24                HAL_RTCEx_SetWakeUpTimer_IT
 .text.aci_gap_set_non_discoverable
                0x08003f9c       0x48 ./Middlewares/ST/STM32_WPAN/ble/core/auto/ble_gap_aci.o
                0x08003f9c                aci_gap_set_non_discoverable
 .text.aci_gap_set_discoverable
                0x08003fe4      0x1f4 ./Middlewares/ST/STM32_WPAN/ble/core/auto/ble_gap_aci.o
                0x08003fe4                aci_gap_set_discoverable
 .text.aci_gap_set_io_capability
                0x080041d8       0xa8 ./Middlewares/ST/STM32_WPAN/ble/core/auto/ble_gap_aci.o
                0x080041d8                aci_gap_set_io_capability
 .text.aci_gap_set_authentication_requirement
                0x08004280      0x188 ./Middlewares/ST/STM32_WPAN/ble/core/auto/ble_gap_aci.o
                0x08004280                aci_gap_set_authentication_requirement
 .text.aci_gap_pass_key_resp
                0x08004408       0xce ./Middlewares/ST/STM32_WPAN/ble/core/auto/ble_gap_aci.o
                0x08004408                aci_gap_pass_key_resp
 .text.aci_gap_init
                0x080044d6      0x15a ./Middlewares/ST/STM32_WPAN/ble/core/auto/ble_gap_aci.o
                0x080044d6                aci_gap_init
 .text.aci_gap_update_adv_data
                0x08004630       0xe4 ./Middlewares/ST/STM32_WPAN/ble/core/auto/ble_gap_aci.o
                0x08004630                aci_gap_update_adv_data
 .text.aci_gap_configure_filter_accept_list
                0x08004714       0x48 ./Middlewares/ST/STM32_WPAN/ble/core/auto/ble_gap_aci.o
                0x08004714                aci_gap_configure_filter_accept_list
 .text.aci_gap_numeric_comparison_value_confirm_yesno
                0x0800475c       0xce ./Middlewares/ST/STM32_WPAN/ble/core/auto/ble_gap_aci.o
                0x0800475c                aci_gap_numeric_comparison_value_confirm_yesno
 .text.aci_gatt_init
                0x0800482a       0x4a ./Middlewares/ST/STM32_WPAN/ble/core/auto/ble_gatt_aci.o
                0x0800482a                aci_gatt_init
 .text.aci_gatt_add_service
                0x08004874      0x1ac ./Middlewares/ST/STM32_WPAN/ble/core/auto/ble_gatt_aci.o
                0x08004874                aci_gatt_add_service
 .text.aci_gatt_add_char
                0x08004a20      0x210 ./Middlewares/ST/STM32_WPAN/ble/core/auto/ble_gatt_aci.o
                0x08004a20                aci_gatt_add_char
 .text.aci_gatt_update_char_value
                0x08004c30      0x152 ./Middlewares/ST/STM32_WPAN/ble/core/auto/ble_gatt_aci.o
                0x08004c30                aci_gatt_update_char_value
 .text.aci_gatt_confirm_indication
                0x08004d82       0xaa ./Middlewares/ST/STM32_WPAN/ble/core/auto/ble_gatt_aci.o
                0x08004d82                aci_gatt_confirm_indication
 .text.aci_hal_write_config_data
                0x08004e2c      0x10a ./Middlewares/ST/STM32_WPAN/ble/core/auto/ble_hal_aci.o
                0x08004e2c                aci_hal_write_config_data
 .text.aci_hal_set_tx_power_level
                0x08004f36       0xce ./Middlewares/ST/STM32_WPAN/ble/core/auto/ble_hal_aci.o
                0x08004f36                aci_hal_set_tx_power_level
 .text.aci_hal_set_radio_activity_mask
                0x08005004       0xa8 ./Middlewares/ST/STM32_WPAN/ble/core/auto/ble_hal_aci.o
                0x08005004                aci_hal_set_radio_activity_mask
 .text.hci_reset
                0x080050ac       0x48 ./Middlewares/ST/STM32_WPAN/ble/core/auto/ble_hci_le.o
                0x080050ac                hci_reset
 .text.hci_le_set_advertising_data
                0x080050f4       0xd2 ./Middlewares/ST/STM32_WPAN/ble/core/auto/ble_hci_le.o
                0x080050f4                hci_le_set_advertising_data
 .text.hci_le_set_default_phy
                0x080051c6       0xfa ./Middlewares/ST/STM32_WPAN/ble/core/auto/ble_hci_le.o
                0x080051c6                hci_le_set_default_phy
 .text.Osal_MemCpy
                0x080052c0       0x20 ./Middlewares/ST/STM32_WPAN/ble/core/template/osal.o
                0x080052c0                Osal_MemCpy
 .text.Osal_MemSet
                0x080052e0       0x20 ./Middlewares/ST/STM32_WPAN/ble/core/template/osal.o
                0x080052e0                Osal_MemSet
 .text.BAS_Init
                0x08005300        0xe ./Middlewares/ST/STM32_WPAN/ble/svc/Src/svc_ctl.o
                0x08005300                BAS_Init
 .text.BLS_Init
                0x0800530e        0xe ./Middlewares/ST/STM32_WPAN/ble/svc/Src/svc_ctl.o
                0x0800530e                BLS_Init
 .text.CRS_STM_Init
                0x0800531c        0xe ./Middlewares/ST/STM32_WPAN/ble/svc/Src/svc_ctl.o
                0x0800531c                CRS_STM_Init
 .text.DIS_Init
                0x0800532a        0xe ./Middlewares/ST/STM32_WPAN/ble/svc/Src/svc_ctl.o
                0x0800532a                DIS_Init
 .text.EDS_STM_Init
                0x08005338        0xe ./Middlewares/ST/STM32_WPAN/ble/svc/Src/svc_ctl.o
                0x08005338                EDS_STM_Init
 .text.HIDS_Init
                0x08005346        0xe ./Middlewares/ST/STM32_WPAN/ble/svc/Src/svc_ctl.o
                0x08005346                HIDS_Init
 .text.HRS_Init
                0x08005354        0xe ./Middlewares/ST/STM32_WPAN/ble/svc/Src/svc_ctl.o
                0x08005354                HRS_Init
 .text.HTS_Init
                0x08005362        0xe ./Middlewares/ST/STM32_WPAN/ble/svc/Src/svc_ctl.o
                0x08005362                HTS_Init
 .text.IAS_Init
                0x08005370        0xe ./Middlewares/ST/STM32_WPAN/ble/svc/Src/svc_ctl.o
                0x08005370                IAS_Init
 .text.LLS_Init
                0x0800537e        0xe ./Middlewares/ST/STM32_WPAN/ble/svc/Src/svc_ctl.o
                0x0800537e                LLS_Init
 .text.TPS_Init
                0x0800538c        0xe ./Middlewares/ST/STM32_WPAN/ble/svc/Src/svc_ctl.o
                0x0800538c                TPS_Init
 .text.MOTENV_STM_Init
                0x0800539a        0xe ./Middlewares/ST/STM32_WPAN/ble/svc/Src/svc_ctl.o
                0x0800539a                MOTENV_STM_Init
 .text.P2PS_STM_Init
                0x080053a8        0xe ./Middlewares/ST/STM32_WPAN/ble/svc/Src/svc_ctl.o
                0x080053a8                P2PS_STM_Init
 .text.ZDD_STM_Init
                0x080053b6        0xe ./Middlewares/ST/STM32_WPAN/ble/svc/Src/svc_ctl.o
                0x080053b6                ZDD_STM_Init
 .text.OTAS_STM_Init
                0x080053c4        0xe ./Middlewares/ST/STM32_WPAN/ble/svc/Src/svc_ctl.o
                0x080053c4                OTAS_STM_Init
 .text.MESH_Init
                0x080053d2        0xe ./Middlewares/ST/STM32_WPAN/ble/svc/Src/svc_ctl.o
                0x080053d2                MESH_Init
 .text.BVOPUS_STM_Init
                0x080053e0        0xe ./Middlewares/ST/STM32_WPAN/ble/svc/Src/svc_ctl.o
                0x080053e0                BVOPUS_STM_Init
 *fill*         0x080053ee        0x2 
 .text.SVCCTL_Init
                0x080053f0       0x20 ./Middlewares/ST/STM32_WPAN/ble/svc/Src/svc_ctl.o
                0x080053f0                SVCCTL_Init
 .text.SVCCTL_SvcInit
                0x08005410       0x50 ./Middlewares/ST/STM32_WPAN/ble/svc/Src/svc_ctl.o
                0x08005410                SVCCTL_SvcInit
 .text.SVCCTL_RegisterSvcHandler
                0x08005460       0x34 ./Middlewares/ST/STM32_WPAN/ble/svc/Src/svc_ctl.o
                0x08005460                SVCCTL_RegisterSvcHandler
 .text.SVCCTL_UserEvtRx
                0x08005494       0xa8 ./Middlewares/ST/STM32_WPAN/ble/svc/Src/svc_ctl.o
                0x08005494                SVCCTL_UserEvtRx
 .text.SHCI_C2_BLE_Init
                0x0800553c       0x2e ./Middlewares/ST/STM32_WPAN/interface/patterns/ble_thread/shci/shci.o
                0x0800553c                SHCI_C2_BLE_Init
 .text.SHCI_C2_DEBUG_Init
                0x0800556a       0x2e ./Middlewares/ST/STM32_WPAN/interface/patterns/ble_thread/shci/shci.o
                0x0800556a                SHCI_C2_DEBUG_Init
 .text.SHCI_C2_Config
                0x08005598       0x2a ./Middlewares/ST/STM32_WPAN/interface/patterns/ble_thread/shci/shci.o
                0x08005598                SHCI_C2_Config
 *fill*         0x080055c2        0x2 
 .text.SHCI_GetWirelessFwInfo
                0x080055c4      0x15c ./Middlewares/ST/STM32_WPAN/interface/patterns/ble_thread/shci/shci.o
                0x080055c4                SHCI_GetWirelessFwInfo
 .text.hci_init
                0x08005720       0x38 ./Middlewares/ST/STM32_WPAN/interface/patterns/ble_thread/tl/hci_tl.o
                0x08005720                hci_init
 .text.hci_user_evt_proc
                0x08005758       0x9c ./Middlewares/ST/STM32_WPAN/interface/patterns/ble_thread/tl/hci_tl.o
                0x08005758                hci_user_evt_proc
 .text.hci_send_req
                0x080057f4      0x108 ./Middlewares/ST/STM32_WPAN/interface/patterns/ble_thread/tl/hci_tl.o
                0x080057f4                hci_send_req
 .text.TlInit   0x080058fc       0x60 ./Middlewares/ST/STM32_WPAN/interface/patterns/ble_thread/tl/hci_tl.o
 .text.SendCmd  0x0800595c       0x4c ./Middlewares/ST/STM32_WPAN/interface/patterns/ble_thread/tl/hci_tl.o
 .text.NotifyCmdStatus
                0x080059a8       0x40 ./Middlewares/ST/STM32_WPAN/interface/patterns/ble_thread/tl/hci_tl.o
 .text.TlEvtReceived
                0x080059e8       0x48 ./Middlewares/ST/STM32_WPAN/interface/patterns/ble_thread/tl/hci_tl.o
 .text.hci_register_io_bus
                0x08005a30       0x28 ./Middlewares/ST/STM32_WPAN/interface/patterns/ble_thread/tl/hci_tl_if.o
                0x08005a30                hci_register_io_bus
 .text.shci_init
                0x08005a58       0x38 ./Middlewares/ST/STM32_WPAN/interface/patterns/ble_thread/tl/shci_tl.o
                0x08005a58                shci_init
 .text.shci_user_evt_proc
                0x08005a90       0x9c ./Middlewares/ST/STM32_WPAN/interface/patterns/ble_thread/tl/shci_tl.o
                0x08005a90                shci_user_evt_proc
 .text.shci_send
                0x08005b2c       0x84 ./Middlewares/ST/STM32_WPAN/interface/patterns/ble_thread/tl/shci_tl.o
                0x08005b2c                shci_send
 .text.TlInit   0x08005bb0       0x64 ./Middlewares/ST/STM32_WPAN/interface/patterns/ble_thread/tl/shci_tl.o
 .text.Cmd_SetStatus
                0x08005c14       0x50 ./Middlewares/ST/STM32_WPAN/interface/patterns/ble_thread/tl/shci_tl.o
 .text.TlCmdEvtReceived
                0x08005c64       0x16 ./Middlewares/ST/STM32_WPAN/interface/patterns/ble_thread/tl/shci_tl.o
 *fill*         0x08005c7a        0x2 
 .text.TlUserEvtReceived
                0x08005c7c       0x24 ./Middlewares/ST/STM32_WPAN/interface/patterns/ble_thread/tl/shci_tl.o
 .text.shci_register_io_bus
                0x08005ca0       0x28 ./Middlewares/ST/STM32_WPAN/interface/patterns/ble_thread/tl/shci_tl_if.o
                0x08005ca0                shci_register_io_bus
 .text.TL_Enable
                0x08005cc8        0xc ./Middlewares/ST/STM32_WPAN/interface/patterns/ble_thread/tl/tl_mbox.o
                0x08005cc8                TL_Enable
 .text.TL_Init  0x08005cd4       0x74 ./Middlewares/ST/STM32_WPAN/interface/patterns/ble_thread/tl/tl_mbox.o
                0x08005cd4                TL_Init
 .text.TL_BLE_Init
                0x08005d48       0x68 ./Middlewares/ST/STM32_WPAN/interface/patterns/ble_thread/tl/tl_mbox.o
                0x08005d48                TL_BLE_Init
 .text.TL_BLE_SendCmd
                0x08005db0       0x38 ./Middlewares/ST/STM32_WPAN/interface/patterns/ble_thread/tl/tl_mbox.o
                0x08005db0                TL_BLE_SendCmd
 .text.HW_IPCC_BLE_RxEvtNot
                0x08005de8       0x60 ./Middlewares/ST/STM32_WPAN/interface/patterns/ble_thread/tl/tl_mbox.o
                0x08005de8                HW_IPCC_BLE_RxEvtNot
 .text.HW_IPCC_BLE_AclDataAckNot
                0x08005e48       0x14 ./Middlewares/ST/STM32_WPAN/interface/patterns/ble_thread/tl/tl_mbox.o
                0x08005e48                HW_IPCC_BLE_AclDataAckNot
 .text.TL_SYS_Init
                0x08005e5c       0x54 ./Middlewares/ST/STM32_WPAN/interface/patterns/ble_thread/tl/tl_mbox.o
                0x08005e5c                TL_SYS_Init
 .text.TL_SYS_SendCmd
                0x08005eb0       0x38 ./Middlewares/ST/STM32_WPAN/interface/patterns/ble_thread/tl/tl_mbox.o
                0x08005eb0                TL_SYS_SendCmd
 .text.HW_IPCC_SYS_CmdEvtNot
                0x08005ee8       0x2c ./Middlewares/ST/STM32_WPAN/interface/patterns/ble_thread/tl/tl_mbox.o
                0x08005ee8                HW_IPCC_SYS_CmdEvtNot
 .text.HW_IPCC_SYS_EvtNot
                0x08005f14       0x44 ./Middlewares/ST/STM32_WPAN/interface/patterns/ble_thread/tl/tl_mbox.o
                0x08005f14                HW_IPCC_SYS_EvtNot
 .text.TL_MM_Init
                0x08005f58       0x78 ./Middlewares/ST/STM32_WPAN/interface/patterns/ble_thread/tl/tl_mbox.o
                0x08005f58                TL_MM_Init
 .text.TL_MM_EvtDone
                0x08005fd0       0x30 ./Middlewares/ST/STM32_WPAN/interface/patterns/ble_thread/tl/tl_mbox.o
                0x08005fd0                TL_MM_EvtDone
 .text.SendFreeBuf
                0x08006000       0x40 ./Middlewares/ST/STM32_WPAN/interface/patterns/ble_thread/tl/tl_mbox.o
 .text.TL_TRACES_Init
                0x08006040       0x24 ./Middlewares/ST/STM32_WPAN/interface/patterns/ble_thread/tl/tl_mbox.o
                0x08006040                TL_TRACES_Init
 .text.HW_IPCC_TRACES_EvtNot
                0x08006064       0x34 ./Middlewares/ST/STM32_WPAN/interface/patterns/ble_thread/tl/tl_mbox.o
                0x08006064                HW_IPCC_TRACES_EvtNot
 .text.TL_TRACES_EvtReceived
                0x08006098       0x14 ./Middlewares/ST/STM32_WPAN/interface/patterns/ble_thread/tl/tl_mbox.o
                0x08006098                TL_TRACES_EvtReceived
 .text.OutputDbgTrace
                0x080060ac       0xac ./Middlewares/ST/STM32_WPAN/interface/patterns/ble_thread/tl/tl_mbox.o
 .text.OTP_Read
                0x08006158       0x50 ./Middlewares/ST/STM32_WPAN/utilities/otp.o
                0x08006158                OTP_Read
 .text.LST_init_head
                0x080061a8       0x20 ./Middlewares/ST/STM32_WPAN/utilities/stm_list.o
                0x080061a8                LST_init_head
 .text.LST_is_empty
                0x080061c8       0x44 ./Middlewares/ST/STM32_WPAN/utilities/stm_list.o
                0x080061c8                LST_is_empty
 .text.LST_insert_head
                0x0800620c       0x4c ./Middlewares/ST/STM32_WPAN/utilities/stm_list.o
                0x0800620c                LST_insert_head
 .text.LST_insert_tail
                0x08006258       0x4c ./Middlewares/ST/STM32_WPAN/utilities/stm_list.o
                0x08006258                LST_insert_tail
 .text.LST_remove_node
                0x080062a4       0x42 ./Middlewares/ST/STM32_WPAN/utilities/stm_list.o
                0x080062a4                LST_remove_node
 .text.LST_remove_head
                0x080062e6       0x3e ./Middlewares/ST/STM32_WPAN/utilities/stm_list.o
                0x080062e6                LST_remove_head
 .text.LL_FLASH_GetUDN
                0x08006324       0x18 ./STM32_WPAN/App/app_ble.o
 .text.LL_FLASH_GetDeviceID
                0x0800633c       0x18 ./STM32_WPAN/App/app_ble.o
 .text.LL_FLASH_GetSTCompanyID
                0x08006354       0x18 ./STM32_WPAN/App/app_ble.o
 .text.APP_BLE_Init
                0x0800636c       0xc8 ./STM32_WPAN/App/app_ble.o
                0x0800636c                APP_BLE_Init
 .text.SVCCTL_App_Notification
                0x08006434      0x19c ./STM32_WPAN/App/app_ble.o
                0x08006434                SVCCTL_App_Notification
 .text.Ble_Tl_Init
                0x080065d0       0x2c ./STM32_WPAN/App/app_ble.o
 .text.Ble_Hci_Gap_Gatt_Init
                0x080065fc      0x168 ./STM32_WPAN/App/app_ble.o
 .text.Adv_Request
                0x08006764       0x60 ./STM32_WPAN/App/app_ble.o
 .text.BleGetBdAddress
                0x080067c4       0x88 ./STM32_WPAN/App/app_ble.o
 .text.Adv_Cancel
                0x0800684c       0x34 ./STM32_WPAN/App/app_ble.o
 .text.hci_notify_asynch_evt
                0x08006880       0x18 ./STM32_WPAN/App/app_ble.o
                0x08006880                hci_notify_asynch_evt
 .text.hci_cmd_resp_release
                0x08006898       0x16 ./STM32_WPAN/App/app_ble.o
                0x08006898                hci_cmd_resp_release
 .text.hci_cmd_resp_wait
                0x080068ae       0x16 ./STM32_WPAN/App/app_ble.o
                0x080068ae                hci_cmd_resp_wait
 .text.BLE_UserEvtRx
                0x080068c4       0x38 ./STM32_WPAN/App/app_ble.o
 .text.BLE_StatusNot
                0x080068fc       0x36 ./STM32_WPAN/App/app_ble.o
 *fill*         0x08006932        0x2 
 .text.myTask   0x08006934       0x50 ./STM32_WPAN/App/custom_app.o
                0x08006934                myTask
 .text.Custom_STM_App_Notification
                0x08006984       0x38 ./STM32_WPAN/App/custom_app.o
                0x08006984                Custom_STM_App_Notification
 .text.Custom_APP_Notification
                0x080069bc       0x28 ./STM32_WPAN/App/custom_app.o
                0x080069bc                Custom_APP_Notification
 .text.Custom_APP_Init
                0x080069e4        0xe ./STM32_WPAN/App/custom_app.o
                0x080069e4                Custom_APP_Init
 *fill*         0x080069f2        0x2 
 .text.Custom_Mycharnotify_Update_Char
                0x080069f4       0x28 ./STM32_WPAN/App/custom_app.o
 .text.Custom_STM_Event_Handler
                0x08006a1c      0x150 ./STM32_WPAN/App/custom_stm.o
 .text.SVCCTL_InitCustomSvc
                0x08006b6c      0x168 ./STM32_WPAN/App/custom_stm.o
                0x08006b6c                SVCCTL_InitCustomSvc
 .text.Custom_STM_App_Update_Char
                0x08006cd4       0x70 ./STM32_WPAN/App/custom_stm.o
                0x08006cd4                Custom_STM_App_Update_Char
 .text.LL_PWR_EnableBootC2
                0x08006d44       0x20 ./STM32_WPAN/Target/hw_ipcc.o
 .text.LL_C2_EXTI_EnableEvent_32_63
                0x08006d64       0x28 ./STM32_WPAN/Target/hw_ipcc.o
 .text.LL_EXTI_EnableRisingTrig_32_63
                0x08006d8c       0x24 ./STM32_WPAN/Target/hw_ipcc.o
 .text.LL_AHB3_GRP1_EnableClock
                0x08006db0       0x32 ./STM32_WPAN/Target/hw_ipcc.o
 .text.LL_C2_AHB3_GRP1_EnableClock
                0x08006de2       0x38 ./STM32_WPAN/Target/hw_ipcc.o
 .text.LL_C1_IPCC_EnableIT_TXF
                0x08006e1a       0x20 ./STM32_WPAN/Target/hw_ipcc.o
 .text.LL_C1_IPCC_EnableIT_RXO
                0x08006e3a       0x20 ./STM32_WPAN/Target/hw_ipcc.o
 .text.LL_C1_IPCC_EnableTransmitChannel
                0x08006e5a       0x26 ./STM32_WPAN/Target/hw_ipcc.o
 .text.LL_C1_IPCC_DisableTransmitChannel
                0x08006e80       0x24 ./STM32_WPAN/Target/hw_ipcc.o
 .text.LL_C1_IPCC_EnableReceiveChannel
                0x08006ea4       0x24 ./STM32_WPAN/Target/hw_ipcc.o
 .text.LL_C1_IPCC_ClearFlag_CHx
                0x08006ec8       0x1c ./STM32_WPAN/Target/hw_ipcc.o
 .text.LL_C1_IPCC_SetFlag_CHx
                0x08006ee4       0x1e ./STM32_WPAN/Target/hw_ipcc.o
 .text.LL_C1_IPCC_IsActiveFlag_CHx
                0x08006f02       0x2a ./STM32_WPAN/Target/hw_ipcc.o
 .text.LL_C2_IPCC_IsActiveFlag_CHx
                0x08006f2c       0x2a ./STM32_WPAN/Target/hw_ipcc.o
 *fill*         0x08006f56        0x2 
 .text.HW_IPCC_Rx_Handler
                0x08006f58       0x6c ./STM32_WPAN/Target/hw_ipcc.o
                0x08006f58                HW_IPCC_Rx_Handler
 .text.HW_IPCC_Tx_Handler
                0x08006fc4       0x6c ./STM32_WPAN/Target/hw_ipcc.o
                0x08006fc4                HW_IPCC_Tx_Handler
 .text.HW_IPCC_Enable
                0x08007030       0x28 ./STM32_WPAN/Target/hw_ipcc.o
                0x08007030                HW_IPCC_Enable
 .text.HW_IPCC_Init
                0x08007058       0x2c ./STM32_WPAN/Target/hw_ipcc.o
                0x08007058                HW_IPCC_Init
 .text.HW_IPCC_BLE_Init
                0x08007084       0x14 ./STM32_WPAN/Target/hw_ipcc.o
                0x08007084                HW_IPCC_BLE_Init
 .text.HW_IPCC_BLE_SendCmd
                0x08007098       0x14 ./STM32_WPAN/Target/hw_ipcc.o
                0x08007098                HW_IPCC_BLE_SendCmd
 .text.HW_IPCC_BLE_EvtHandler
                0x080070ac       0x18 ./STM32_WPAN/Target/hw_ipcc.o
 .text.HW_IPCC_BLE_AclDataEvtHandler
                0x080070c4       0x18 ./STM32_WPAN/Target/hw_ipcc.o
 .text.HW_IPCC_SYS_Init
                0x080070dc       0x14 ./STM32_WPAN/Target/hw_ipcc.o
                0x080070dc                HW_IPCC_SYS_Init
 .text.HW_IPCC_SYS_SendCmd
                0x080070f0       0x1c ./STM32_WPAN/Target/hw_ipcc.o
                0x080070f0                HW_IPCC_SYS_SendCmd
 .text.HW_IPCC_SYS_CmdEvtHandler
                0x0800710c       0x18 ./STM32_WPAN/Target/hw_ipcc.o
 .text.HW_IPCC_SYS_EvtHandler
                0x08007124       0x18 ./STM32_WPAN/Target/hw_ipcc.o
 .text.HW_IPCC_MM_SendFreeBuf
                0x0800713c       0x44 ./STM32_WPAN/Target/hw_ipcc.o
                0x0800713c                HW_IPCC_MM_SendFreeBuf
 .text.HW_IPCC_MM_FreeBufHandler
                0x08007180       0x28 ./STM32_WPAN/Target/hw_ipcc.o
 .text.HW_IPCC_TRACES_Init
                0x080071a8       0x14 ./STM32_WPAN/Target/hw_ipcc.o
                0x080071a8                HW_IPCC_TRACES_Init
 .text.HW_IPCC_TRACES_EvtHandler
                0x080071bc       0x18 ./STM32_WPAN/Target/hw_ipcc.o
 .text.UTIL_LPM_Init
                0x080071d4       0x24 ./Utilities/lpm/tiny_lpm/stm32_lpm.o
                0x080071d4                UTIL_LPM_Init
 .text.UTIL_LPM_SetOffMode
                0x080071f8       0x60 ./Utilities/lpm/tiny_lpm/stm32_lpm.o
                0x080071f8                UTIL_LPM_SetOffMode
 .text.UTIL_SEQ_Run
                0x08007258      0x1f8 ./Utilities/sequencer/stm32_seq.o
                0x08007258                UTIL_SEQ_Run
 .text.UTIL_SEQ_RegTask
                0x08007450       0x44 ./Utilities/sequencer/stm32_seq.o
                0x08007450                UTIL_SEQ_RegTask
 .text.UTIL_SEQ_SetTask
                0x08007494       0x58 ./Utilities/sequencer/stm32_seq.o
                0x08007494                UTIL_SEQ_SetTask
 .text.UTIL_SEQ_PauseTask
                0x080074ec       0x40 ./Utilities/sequencer/stm32_seq.o
                0x080074ec                UTIL_SEQ_PauseTask
 .text.UTIL_SEQ_ResumeTask
                0x0800752c       0x40 ./Utilities/sequencer/stm32_seq.o
                0x0800752c                UTIL_SEQ_ResumeTask
 .text.UTIL_SEQ_SetEvt
                0x0800756c       0x40 ./Utilities/sequencer/stm32_seq.o
                0x0800756c                UTIL_SEQ_SetEvt
 .text.UTIL_SEQ_WaitEvt
                0x080075ac       0x94 ./Utilities/sequencer/stm32_seq.o
                0x080075ac                UTIL_SEQ_WaitEvt
 .text.UTIL_SEQ_PreIdle
                0x08007640        0xe ./Utilities/sequencer/stm32_seq.o
                0x08007640                UTIL_SEQ_PreIdle
 .text.UTIL_SEQ_PostIdle
                0x0800764e        0xe ./Utilities/sequencer/stm32_seq.o
                0x0800764e                UTIL_SEQ_PostIdle
 .text.SEQ_BitPosition
                0x0800765c       0x70 ./Utilities/sequencer/stm32_seq.o
                0x0800765c                SEQ_BitPosition
 .text.memset   0x080076cc       0x10 C:/ST/STM32CubeIDE_1.13.2/STM32CubeIDE/plugins/com.st.stm32cube.ide.mcu.externaltools.gnu-tools-for-stm32.12.3.rel1.win32_1.0.100.202403111256/tools/bin/../lib/gcc/arm-none-eabi/12.3.1/../../../../arm-none-eabi/lib/thumb/v7e-m+fp/hard\libc_nano.a(libc_a-memset.o)
                0x080076cc                memset
 .text.__libc_init_array
                0x080076dc       0x48 C:/ST/STM32CubeIDE_1.13.2/STM32CubeIDE/plugins/com.st.stm32cube.ide.mcu.externaltools.gnu-tools-for-stm32.12.3.rel1.win32_1.0.100.202403111256/tools/bin/../lib/gcc/arm-none-eabi/12.3.1/../../../../arm-none-eabi/lib/thumb/v7e-m+fp/hard\libc_nano.a(libc_a-init.o)
                0x080076dc                __libc_init_array
 .text.memcpy   0x08007724       0x1c C:/ST/STM32CubeIDE_1.13.2/STM32CubeIDE/plugins/com.st.stm32cube.ide.mcu.externaltools.gnu-tools-for-stm32.12.3.rel1.win32_1.0.100.202403111256/tools/bin/../lib/gcc/arm-none-eabi/12.3.1/../../../../arm-none-eabi/lib/thumb/v7e-m+fp/hard\libc_nano.a(libc_a-memcpy-stub.o)
                0x08007724                memcpy
 *(.glue_7)
 .glue_7        0x08007740        0x0 linker stubs
 *(.glue_7t)
 .glue_7t       0x08007740        0x0 linker stubs
 *(.eh_frame)
 .eh_frame      0x08007740        0x0 C:/ST/STM32CubeIDE_1.13.2/STM32CubeIDE/plugins/com.st.stm32cube.ide.mcu.externaltools.gnu-tools-for-stm32.12.3.rel1.win32_1.0.100.202403111256/tools/bin/../lib/gcc/arm-none-eabi/12.3.1/thumb/v7e-m+fp/hard/crtbegin.o
 *(.init)
 .init          0x08007740        0x4 C:/ST/STM32CubeIDE_1.13.2/STM32CubeIDE/plugins/com.st.stm32cube.ide.mcu.externaltools.gnu-tools-for-stm32.12.3.rel1.win32_1.0.100.202403111256/tools/bin/../lib/gcc/arm-none-eabi/12.3.1/thumb/v7e-m+fp/hard/crti.o
                0x08007740                _init
 .init          0x08007744        0x8 C:/ST/STM32CubeIDE_1.13.2/STM32CubeIDE/plugins/com.st.stm32cube.ide.mcu.externaltools.gnu-tools-for-stm32.12.3.rel1.win32_1.0.100.202403111256/tools/bin/../lib/gcc/arm-none-eabi/12.3.1/thumb/v7e-m+fp/hard/crtn.o
 *(.fini)
 .fini          0x0800774c        0x4 C:/ST/STM32CubeIDE_1.13.2/STM32CubeIDE/plugins/com.st.stm32cube.ide.mcu.externaltools.gnu-tools-for-stm32.12.3.rel1.win32_1.0.100.202403111256/tools/bin/../lib/gcc/arm-none-eabi/12.3.1/thumb/v7e-m+fp/hard/crti.o
                0x0800774c                _fini
 .fini          0x08007750        0x8 C:/ST/STM32CubeIDE_1.13.2/STM32CubeIDE/plugins/com.st.stm32cube.ide.mcu.externaltools.gnu-tools-for-stm32.12.3.rel1.win32_1.0.100.202403111256/tools/bin/../lib/gcc/arm-none-eabi/12.3.1/thumb/v7e-m+fp/hard/crtn.o
                0x08007758                        . = ALIGN (0x4)
                0x08007758                        _etext = .

.vfp11_veneer   0x08007758        0x0
 .vfp11_veneer  0x08007758        0x0 linker stubs

.v4_bx          0x08007758        0x0
 .v4_bx         0x08007758        0x0 linker stubs

.iplt           0x08007758        0x0
 .iplt          0x08007758        0x0 C:/ST/STM32CubeIDE_1.13.2/STM32CubeIDE/plugins/com.st.stm32cube.ide.mcu.externaltools.gnu-tools-for-stm32.12.3.rel1.win32_1.0.100.202403111256/tools/bin/../lib/gcc/arm-none-eabi/12.3.1/thumb/v7e-m+fp/hard/crtbegin.o

.rodata         0x08007758      0x274
                0x08007758                        . = ALIGN (0x4)
 *(.rodata)
 .rodata        0x08007758       0x1b ./Core/Src/app_debug.o
 *fill*         0x08007773        0x1 
 .rodata        0x08007774       0x2c ./Drivers/STM32WBxx_HAL_Driver/Src/stm32wbxx_hal_rcc.o
 .rodata        0x080077a0       0x44 ./STM32_WPAN/App/app_ble.o
 *(.rodata*)
 .rodata.aGpioConfigList
                0x080077e4      0x130 ./Core/Src/app_debug.o
 .rodata.AHBPrescTable
                0x08007914       0x40 ./Core/Src/system_stm32wbxx.o
                0x08007914                AHBPrescTable
 .rodata.MSIRangeTable
                0x08007954       0x40 ./Core/Src/system_stm32wbxx.o
                0x08007954                MSIRangeTable
 .rodata.a_MBdAddr
                0x08007994        0x6 ./STM32_WPAN/App/app_ble.o
 *fill*         0x0800799a        0x2 
 .rodata.a_BLE_CfgIrValue
                0x0800799c       0x10 ./STM32_WPAN/App/app_ble.o
 .rodata.a_BLE_CfgErValue
                0x080079ac       0x10 ./STM32_WPAN/App/app_ble.o
 .rodata.SEQ_clz_table_4bit
                0x080079bc       0x10 ./Utilities/sequencer/stm32_seq.o
                0x080079bc                SEQ_clz_table_4bit
                0x080079cc                        . = ALIGN (0x4)

.ARM.extab
 *(.ARM.extab* .gnu.linkonce.armextab.*)

.ARM            0x080079cc        0x8
                0x080079cc                        __exidx_start = .
 *(.ARM.exidx*)
 .ARM.exidx     0x080079cc        0x8 C:/ST/STM32CubeIDE_1.13.2/STM32CubeIDE/plugins/com.st.stm32cube.ide.mcu.externaltools.gnu-tools-for-stm32.12.3.rel1.win32_1.0.100.202403111256/tools/bin/../lib/gcc/arm-none-eabi/12.3.1/../../../../arm-none-eabi/lib/thumb/v7e-m+fp/hard\libc_nano.a(libc_a-strlen.o)
                0x080079d4                        __exidx_end = .

.preinit_array  0x080079d4        0x0
                0x080079d4                        PROVIDE (__preinit_array_start = .)
 *(.preinit_array*)
                0x080079d4                        PROVIDE (__preinit_array_end = .)

.init_array     0x080079d4        0x4
                0x080079d4                        PROVIDE (__init_array_start = .)
 *(SORT_BY_NAME(.init_array.*))
 *(.init_array*)
 .init_array    0x080079d4        0x4 C:/ST/STM32CubeIDE_1.13.2/STM32CubeIDE/plugins/com.st.stm32cube.ide.mcu.externaltools.gnu-tools-for-stm32.12.3.rel1.win32_1.0.100.202403111256/tools/bin/../lib/gcc/arm-none-eabi/12.3.1/thumb/v7e-m+fp/hard/crtbegin.o
                0x080079d8                        PROVIDE (__init_array_end = .)

.fini_array     0x080079d8        0x4
                [!provide]                        PROVIDE (__fini_array_start = .)
 *(SORT_BY_NAME(.fini_array.*))
 *(.fini_array*)
 .fini_array    0x080079d8        0x4 C:/ST/STM32CubeIDE_1.13.2/STM32CubeIDE/plugins/com.st.stm32cube.ide.mcu.externaltools.gnu-tools-for-stm32.12.3.rel1.win32_1.0.100.202403111256/tools/bin/../lib/gcc/arm-none-eabi/12.3.1/thumb/v7e-m+fp/hard/crtbegin.o
                [!provide]                        PROVIDE (__fini_array_end = .)
                0x080079dc                        _sidata = LOADADDR (.data)

.rel.dyn        0x080079dc        0x0
 .rel.iplt      0x080079dc        0x0 C:/ST/STM32CubeIDE_1.13.2/STM32CubeIDE/plugins/com.st.stm32cube.ide.mcu.externaltools.gnu-tools-for-stm32.12.3.rel1.win32_1.0.100.202403111256/tools/bin/../lib/gcc/arm-none-eabi/12.3.1/thumb/v7e-m+fp/hard/crtbegin.o

.data           0x20000008       0x2c load address 0x080079dc
                0x20000008                        . = ALIGN (0x4)
                0x20000008                        _sdata = .
 *(.data)
 *(.data*)
 .data.SystemCoreClock
                0x20000008        0x4 ./Core/Src/system_stm32wbxx.o
                0x20000008                SystemCoreClock
 .data.uwTickPrio
                0x2000000c        0x4 ./Drivers/STM32WBxx_HAL_Driver/Src/stm32wbxx_hal.o
                0x2000000c                uwTickPrio
 .data.uwTickFreq
                0x20000010        0x1 ./Drivers/STM32WBxx_HAL_Driver/Src/stm32wbxx_hal.o
                0x20000010                uwTickFreq
 *fill*         0x20000011        0x3 
 .data.a_AdvData
                0x20000014       0x13 ./STM32_WPAN/App/app_ble.o
                0x20000014                a_AdvData
 .data.SizeMycharwrite
                0x20000027        0x1 ./STM32_WPAN/App/custom_stm.o
                0x20000027                SizeMycharwrite
 .data.SizeMycharnotify
                0x20000028        0x1 ./STM32_WPAN/App/custom_stm.o
                0x20000028                SizeMycharnotify
 *fill*         0x20000029        0x3 
 .data.TaskMask
                0x2000002c        0x4 ./Utilities/sequencer/stm32_seq.o
 .data.SuperMask
                0x20000030        0x4 ./Utilities/sequencer/stm32_seq.o
 *(.RamFunc)
 *(.RamFunc*)
                0x20000034                        . = ALIGN (0x4)
                0x20000034                        _edata = .

.igot.plt       0x20000034        0x0 load address 0x08007a08
 .igot.plt      0x20000034        0x0 C:/ST/STM32CubeIDE_1.13.2/STM32CubeIDE/plugins/com.st.stm32cube.ide.mcu.externaltools.gnu-tools-for-stm32.12.3.rel1.win32_1.0.100.202403111256/tools/bin/../lib/gcc/arm-none-eabi/12.3.1/thumb/v7e-m+fp/hard/crtbegin.o

BLE_DRIVER_CONTEXT
                0x20000034       0x35 load address 0x08007a08
 BLE_DRIVER_CONTEXT
                0x20000034       0x21 ./Middlewares/ST/STM32_WPAN/ble/svc/Src/svc_ctl.o
                0x20000034                SVCCTL_EvtHandler
                0x20000054                SVCCTL_CltHandler
 *fill*         0x20000055        0x3 
 BLE_DRIVER_CONTEXT
                0x20000058       0x11 ./Middlewares/ST/STM32_WPAN/interface/patterns/ble_thread/tl/hci_tl.o
                0x20000068                UserEventFlow

SYSTEM_DRIVER_CONTEXT
                0x2000006c       0x11 load address 0x08007a3d
 SYSTEM_DRIVER_CONTEXT
                0x2000006c       0x11 ./Middlewares/ST/STM32_WPAN/interface/patterns/ble_thread/tl/shci_tl.o
                0x2000007c                SHCI_TL_UserEventFlow
                0x20000080                        . = ALIGN (0x4)

.bss            0x20000080      0x3d8 load address 0x08007a4e
                0x20000080                        _sbss = .
                0x20000080                        __bss_start__ = _sbss
 *(.bss)
 .bss           0x20000080       0x1c C:/ST/STM32CubeIDE_1.13.2/STM32CubeIDE/plugins/com.st.stm32cube.ide.mcu.externaltools.gnu-tools-for-stm32.12.3.rel1.win32_1.0.100.202403111256/tools/bin/../lib/gcc/arm-none-eabi/12.3.1/thumb/v7e-m+fp/hard/crtbegin.o
 *(.bss*)
 .bss.aTimerContext
                0x2000009c       0x90 ./Core/Src/hw_timerserver.o
 .bss.CurrentRunningTimerID
                0x2000012c        0x1 ./Core/Src/hw_timerserver.o
 .bss.PreviousRunningTimerID
                0x2000012d        0x1 ./Core/Src/hw_timerserver.o
 *fill*         0x2000012e        0x2 
 .bss.SSRValueOnLastSetup
                0x20000130        0x4 ./Core/Src/hw_timerserver.o
 .bss.WakeupTimerLimitation
                0x20000134        0x1 ./Core/Src/hw_timerserver.o
 .bss.WakeupTimerDivider
                0x20000135        0x1 ./Core/Src/hw_timerserver.o
 .bss.AsynchPrescalerUserConfig
                0x20000136        0x1 ./Core/Src/hw_timerserver.o
 *fill*         0x20000137        0x1 
 .bss.SynchPrescalerUserConfig
                0x20000138        0x2 ./Core/Src/hw_timerserver.o
 .bss.MaxWakeupTimerSetup
                0x2000013a        0x2 ./Core/Src/hw_timerserver.o
 .bss.hipcc     0x2000013c       0x3c ./Core/Src/main.o
                0x2000013c                hipcc
 .bss.hrtc      0x20000178       0x24 ./Core/Src/main.o
                0x20000178                hrtc
 .bss.abc       0x2000019c        0x1 ./Core/Src/main.o
                0x2000019c                abc
 *fill*         0x2000019d        0x3 
 .bss.uwTick    0x200001a0        0x4 ./Drivers/STM32WBxx_HAL_Driver/Src/stm32wbxx_hal.o
                0x200001a0                uwTick
 .bss.hciContext
                0x200001a4       0x20 ./Middlewares/ST/STM32_WPAN/interface/patterns/ble_thread/tl/hci_tl.o
 .bss.HciCmdEventQueue
                0x200001c4        0x8 ./Middlewares/ST/STM32_WPAN/interface/patterns/ble_thread/tl/hci_tl.o
 .bss.StatusNotCallBackFunction
                0x200001cc        0x4 ./Middlewares/ST/STM32_WPAN/interface/patterns/ble_thread/tl/hci_tl.o
 .bss.CmdRspStatusFlag
                0x200001d0        0x1 ./Middlewares/ST/STM32_WPAN/interface/patterns/ble_thread/tl/hci_tl.o
 *fill*         0x200001d1        0x3 
 .bss.shciContext
                0x200001d4       0x20 ./Middlewares/ST/STM32_WPAN/interface/patterns/ble_thread/tl/shci_tl.o
 .bss.StatusNotCallBackFunction
                0x200001f4        0x4 ./Middlewares/ST/STM32_WPAN/interface/patterns/ble_thread/tl/shci_tl.o
 .bss.CmdRspStatusFlag
                0x200001f8        0x1 ./Middlewares/ST/STM32_WPAN/interface/patterns/ble_thread/tl/shci_tl.o
 *fill*         0x200001f9        0x3 
 .bss.LocalFreeBufQueue
                0x200001fc        0x8 ./Middlewares/ST/STM32_WPAN/interface/patterns/ble_thread/tl/tl_mbox.o
 .bss.BLE_IoBusEvtCallBackFunction
                0x20000204        0x4 ./Middlewares/ST/STM32_WPAN/interface/patterns/ble_thread/tl/tl_mbox.o
 .bss.BLE_IoBusAclDataTxAck
                0x20000208        0x4 ./Middlewares/ST/STM32_WPAN/interface/patterns/ble_thread/tl/tl_mbox.o
 .bss.SYS_CMD_IoBusCallBackFunction
                0x2000020c        0x4 ./Middlewares/ST/STM32_WPAN/interface/patterns/ble_thread/tl/tl_mbox.o
 .bss.SYS_EVT_IoBusCallBackFunction
                0x20000210        0x4 ./Middlewares/ST/STM32_WPAN/interface/patterns/ble_thread/tl/tl_mbox.o
 .bss.p_mem_manager_table.0
                0x20000214        0x4 ./Middlewares/ST/STM32_WPAN/interface/patterns/ble_thread/tl/tl_mbox.o
 .bss.a_BdAddrUdn
                0x20000218        0x6 ./STM32_WPAN/App/app_ble.o
 *fill*         0x2000021e        0x2 
 .bss.BleApplicationContext
                0x20000220       0x84 ./STM32_WPAN/App/app_ble.o
 .bss.HandleNotification
                0x200002a4        0x4 ./STM32_WPAN/App/app_ble.o
                0x200002a4                HandleNotification
 .bss.UpdateCharData
                0x200002a8       0xf7 ./STM32_WPAN/App/custom_app.o
                0x200002a8                UpdateCharData
 *fill*         0x2000039f        0x1 
 .bss.a         0x200003a0        0x4 ./STM32_WPAN/App/custom_app.o
                0x200003a0                a
 .bss.CustomContext
                0x200003a4        0x6 ./STM32_WPAN/App/custom_stm.o
 *fill*         0x200003aa        0x2 
 .bss.FreeBufCb
                0x200003ac        0x4 ./STM32_WPAN/Target/hw_ipcc.o
 .bss.StopModeDisable
                0x200003b0        0x4 ./Utilities/lpm/tiny_lpm/stm32_lpm.o
 .bss.OffModeDisable
                0x200003b4        0x4 ./Utilities/lpm/tiny_lpm/stm32_lpm.o
 .bss.TaskSet   0x200003b8        0x4 ./Utilities/sequencer/stm32_seq.o
 .bss.EvtSet    0x200003bc        0x4 ./Utilities/sequencer/stm32_seq.o
 .bss.EvtWaited
                0x200003c0        0x4 ./Utilities/sequencer/stm32_seq.o
 .bss.CurrentTaskIdx
                0x200003c4        0x4 ./Utilities/sequencer/stm32_seq.o
 .bss.TaskCb    0x200003c8       0x80 ./Utilities/sequencer/stm32_seq.o
 .bss.TaskPrio  0x20000448       0x10 ./Utilities/sequencer/stm32_seq.o
 *(COMMON)
                0x20000458                        . = ALIGN (0x4)
                0x20000458                        _ebss = .
                0x20000458                        __bss_end__ = _ebss

._user_heap_stack
                0x20000458      0x600 load address 0x08007a4e
                0x20000458                        . = ALIGN (0x8)
                [!provide]                        PROVIDE (end = .)
                0x20000458                        PROVIDE (_end = .)
                0x20000658                        . = (. + _Min_Heap_Size)
 *fill*         0x20000458      0x200 
                0x20000a58                        . = (. + _Min_Stack_Size)
 *fill*         0x20000658      0x400 
                0x20000a58                        . = ALIGN (0x8)

/DISCARD/
 libc.a(*)
 libm.a(*)
 libgcc.a(*)

.ARM.attributes
                0x00000000       0x30
 *(.ARM.attributes)
 .ARM.attributes
                0x00000000       0x22 C:/ST/STM32CubeIDE_1.13.2/STM32CubeIDE/plugins/com.st.stm32cube.ide.mcu.externaltools.gnu-tools-for-stm32.12.3.rel1.win32_1.0.100.202403111256/tools/bin/../lib/gcc/arm-none-eabi/12.3.1/thumb/v7e-m+fp/hard/crti.o
 .ARM.attributes
                0x00000022       0x34 C:/ST/STM32CubeIDE_1.13.2/STM32CubeIDE/plugins/com.st.stm32cube.ide.mcu.externaltools.gnu-tools-for-stm32.12.3.rel1.win32_1.0.100.202403111256/tools/bin/../lib/gcc/arm-none-eabi/12.3.1/thumb/v7e-m+fp/hard/crtbegin.o
 .ARM.attributes
                0x00000056       0x34 ./Core/Src/app_debug.o
 .ARM.attributes
                0x0000008a       0x34 ./Core/Src/app_entry.o
 .ARM.attributes
                0x000000be       0x34 ./Core/Src/hw_timerserver.o
 .ARM.attributes
                0x000000f2       0x34 ./Core/Src/main.o
 .ARM.attributes
                0x00000126       0x34 ./Core/Src/stm32wbxx_hal_msp.o
 .ARM.attributes
                0x0000015a       0x34 ./Core/Src/stm32wbxx_it.o
 .ARM.attributes
                0x0000018e       0x34 ./Core/Src/system_stm32wbxx.o
 .ARM.attributes
                0x000001c2       0x21 ./Core/Startup/startup_stm32wb55rgvx.o
 .ARM.attributes
                0x000001e3       0x34 ./Drivers/STM32WBxx_HAL_Driver/Src/stm32wbxx_hal.o
 .ARM.attributes
                0x00000217       0x34 ./Drivers/STM32WBxx_HAL_Driver/Src/stm32wbxx_hal_cortex.o
 .ARM.attributes
                0x0000024b       0x34 ./Drivers/STM32WBxx_HAL_Driver/Src/stm32wbxx_hal_gpio.o
 .ARM.attributes
                0x0000027f       0x34 ./Drivers/STM32WBxx_HAL_Driver/Src/stm32wbxx_hal_hsem.o
 .ARM.attributes
                0x000002b3       0x34 ./Drivers/STM32WBxx_HAL_Driver/Src/stm32wbxx_hal_ipcc.o
 .ARM.attributes
                0x000002e7       0x34 ./Drivers/STM32WBxx_HAL_Driver/Src/stm32wbxx_hal_pwr.o
 .ARM.attributes
                0x0000031b       0x34 ./Drivers/STM32WBxx_HAL_Driver/Src/stm32wbxx_hal_pwr_ex.o
 .ARM.attributes
                0x0000034f       0x34 ./Drivers/STM32WBxx_HAL_Driver/Src/stm32wbxx_hal_rcc.o
 .ARM.attributes
                0x00000383       0x34 ./Drivers/STM32WBxx_HAL_Driver/Src/stm32wbxx_hal_rcc_ex.o
 .ARM.attributes
                0x000003b7       0x34 ./Drivers/STM32WBxx_HAL_Driver/Src/stm32wbxx_hal_rtc.o
 .ARM.attributes
                0x000003eb       0x34 ./Drivers/STM32WBxx_HAL_Driver/Src/stm32wbxx_hal_rtc_ex.o
 .ARM.attributes
                0x0000041f       0x34 ./Middlewares/ST/STM32_WPAN/ble/core/auto/ble_gap_aci.o
 .ARM.attributes
                0x00000453       0x34 ./Middlewares/ST/STM32_WPAN/ble/core/auto/ble_gatt_aci.o
 .ARM.attributes
                0x00000487       0x34 ./Middlewares/ST/STM32_WPAN/ble/core/auto/ble_hal_aci.o
 .ARM.attributes
                0x000004bb       0x34 ./Middlewares/ST/STM32_WPAN/ble/core/auto/ble_hci_le.o
 .ARM.attributes
                0x000004ef       0x34 ./Middlewares/ST/STM32_WPAN/ble/core/template/osal.o
 .ARM.attributes
                0x00000523       0x34 ./Middlewares/ST/STM32_WPAN/ble/svc/Src/svc_ctl.o
 .ARM.attributes
                0x00000557       0x34 ./Middlewares/ST/STM32_WPAN/interface/patterns/ble_thread/shci/shci.o
 .ARM.attributes
                0x0000058b       0x34 ./Middlewares/ST/STM32_WPAN/interface/patterns/ble_thread/tl/hci_tl.o
 .ARM.attributes
                0x000005bf       0x34 ./Middlewares/ST/STM32_WPAN/interface/patterns/ble_thread/tl/hci_tl_if.o
 .ARM.attributes
                0x000005f3       0x34 ./Middlewares/ST/STM32_WPAN/interface/patterns/ble_thread/tl/shci_tl.o
 .ARM.attributes
                0x00000627       0x34 ./Middlewares/ST/STM32_WPAN/interface/patterns/ble_thread/tl/shci_tl_if.o
 .ARM.attributes
                0x0000065b       0x34 ./Middlewares/ST/STM32_WPAN/interface/patterns/ble_thread/tl/tl_mbox.o
 .ARM.attributes
                0x0000068f       0x34 ./Middlewares/ST/STM32_WPAN/utilities/otp.o
 .ARM.attributes
                0x000006c3       0x34 ./Middlewares/ST/STM32_WPAN/utilities/stm_list.o
 .ARM.attributes
                0x000006f7       0x34 ./STM32_WPAN/App/app_ble.o
 .ARM.attributes
                0x0000072b       0x34 ./STM32_WPAN/App/custom_app.o
 .ARM.attributes
                0x0000075f       0x34 ./STM32_WPAN/App/custom_stm.o
 .ARM.attributes
                0x00000793       0x34 ./STM32_WPAN/Target/hw_ipcc.o
 .ARM.attributes
                0x000007c7       0x34 ./Utilities/lpm/tiny_lpm/stm32_lpm.o
 .ARM.attributes
                0x000007fb       0x34 ./Utilities/sequencer/stm32_seq.o
 .ARM.attributes
                0x0000082f       0x34 C:/ST/STM32CubeIDE_1.13.2/STM32CubeIDE/plugins/com.st.stm32cube.ide.mcu.externaltools.gnu-tools-for-stm32.12.3.rel1.win32_1.0.100.202403111256/tools/bin/../lib/gcc/arm-none-eabi/12.3.1/../../../../arm-none-eabi/lib/thumb/v7e-m+fp/hard\libc_nano.a(libc_a-memset.o)
 .ARM.attributes
                0x00000863       0x34 C:/ST/STM32CubeIDE_1.13.2/STM32CubeIDE/plugins/com.st.stm32cube.ide.mcu.externaltools.gnu-tools-for-stm32.12.3.rel1.win32_1.0.100.202403111256/tools/bin/../lib/gcc/arm-none-eabi/12.3.1/../../../../arm-none-eabi/lib/thumb/v7e-m+fp/hard\libc_nano.a(libc_a-init.o)
 .ARM.attributes
                0x00000897       0x34 C:/ST/STM32CubeIDE_1.13.2/STM32CubeIDE/plugins/com.st.stm32cube.ide.mcu.externaltools.gnu-tools-for-stm32.12.3.rel1.win32_1.0.100.202403111256/tools/bin/../lib/gcc/arm-none-eabi/12.3.1/../../../../arm-none-eabi/lib/thumb/v7e-m+fp/hard\libc_nano.a(libc_a-memcpy-stub.o)
 .ARM.attributes
                0x000008cb       0x17 C:/ST/STM32CubeIDE_1.13.2/STM32CubeIDE/plugins/com.st.stm32cube.ide.mcu.externaltools.gnu-tools-for-stm32.12.3.rel1.win32_1.0.100.202403111256/tools/bin/../lib/gcc/arm-none-eabi/12.3.1/../../../../arm-none-eabi/lib/thumb/v7e-m+fp/hard\libc_nano.a(libc_a-strlen.o)
 .ARM.attributes
                0x000008e2       0x22 C:/ST/STM32CubeIDE_1.13.2/STM32CubeIDE/plugins/com.st.stm32cube.ide.mcu.externaltools.gnu-tools-for-stm32.12.3.rel1.win32_1.0.100.202403111256/tools/bin/../lib/gcc/arm-none-eabi/12.3.1/thumb/v7e-m+fp/hard/crtn.o

MAPPING_TABLE   0x20030000       0x28
 *(MAPPING_TABLE)
 MAPPING_TABLE  0x20030000       0x28 ./Middlewares/ST/STM32_WPAN/interface/patterns/ble_thread/tl/tl_mbox.o

MB_MEM1         0x20030028      0x1bb
 *(MB_MEM1)
 MB_MEM1        0x20030028       0xb0 ./Middlewares/ST/STM32_WPAN/interface/patterns/ble_thread/tl/tl_mbox.o
 MB_MEM1        0x200300d8      0x10b ./STM32_WPAN/App/app_ble.o
                0x08007a4e                        _siMB_MEM2 = LOADADDR (.MB_MEM2)

.MB_MEM2        0x200301e4      0x883 load address 0x08007a4e
                0x200301e4                        _sMB_MEM2 = .
 *(MB_MEM2)
 MB_MEM2        0x200301e4       0x12 ./Core/Src/app_debug.o
 *fill*         0x200301f6        0x2 
 MB_MEM2        0x200301f8      0x85e ./Core/Src/app_entry.o
 *fill*         0x20030a56        0x2 
 MB_MEM2        0x20030a58        0xf ./Middlewares/ST/STM32_WPAN/interface/patterns/ble_thread/tl/tl_mbox.o
                0x20030a67                        _eMB_MEM2 = .
OUTPUT(youtube_stm32wb55.elf elf32-littlearm)
LOAD linker stubs
LOAD C:/ST/STM32CubeIDE_1.13.2/STM32CubeIDE/plugins/com.st.stm32cube.ide.mcu.externaltools.gnu-tools-for-stm32.12.3.rel1.win32_1.0.100.202403111256/tools/bin/../lib/gcc/arm-none-eabi/12.3.1/../../../../arm-none-eabi/lib/thumb/v7e-m+fp/hard\libc.a
LOAD C:/ST/STM32CubeIDE_1.13.2/STM32CubeIDE/plugins/com.st.stm32cube.ide.mcu.externaltools.gnu-tools-for-stm32.12.3.rel1.win32_1.0.100.202403111256/tools/bin/../lib/gcc/arm-none-eabi/12.3.1/../../../../arm-none-eabi/lib/thumb/v7e-m+fp/hard\libm.a
LOAD C:/ST/STM32CubeIDE_1.13.2/STM32CubeIDE/plugins/com.st.stm32cube.ide.mcu.externaltools.gnu-tools-for-stm32.12.3.rel1.win32_1.0.100.202403111256/tools/bin/../lib/gcc/arm-none-eabi/12.3.1/thumb/v7e-m+fp/hard\libgcc.a

.debug_info     0x00000000    0x23218
 .debug_info    0x00000000      0xb5c ./Core/Src/app_debug.o
 .debug_info    0x00000b5c     0x1bf1 ./Core/Src/app_entry.o
 .debug_info    0x0000274d     0x11ae ./Core/Src/hw_timerserver.o
 .debug_info    0x000038fb     0x1218 ./Core/Src/main.o
 .debug_info    0x00004b13      0xdea ./Core/Src/stm32wbxx_hal_msp.o
 .debug_info    0x000058fd      0x18b ./Core/Src/stm32wbxx_it.o
 .debug_info    0x00005a88      0x703 ./Core/Src/system_stm32wbxx.o
 .debug_info    0x0000618b       0x30 ./Core/Startup/startup_stm32wb55rgvx.o
 .debug_info    0x000061bb     0x12ae ./Drivers/STM32WBxx_HAL_Driver/Src/stm32wbxx_hal.o
 .debug_info    0x00007469      0xccd ./Drivers/STM32WBxx_HAL_Driver/Src/stm32wbxx_hal_cortex.o
 .debug_info    0x00008136      0x6aa ./Drivers/STM32WBxx_HAL_Driver/Src/stm32wbxx_hal_gpio.o
 .debug_info    0x000087e0      0x3bc ./Drivers/STM32WBxx_HAL_Driver/Src/stm32wbxx_hal_hsem.o
 .debug_info    0x00008b9c      0x7a3 ./Drivers/STM32WBxx_HAL_Driver/Src/stm32wbxx_hal_ipcc.o
 .debug_info    0x0000933f      0x904 ./Drivers/STM32WBxx_HAL_Driver/Src/stm32wbxx_hal_pwr.o
 .debug_info    0x00009c43     0x105d ./Drivers/STM32WBxx_HAL_Driver/Src/stm32wbxx_hal_pwr_ex.o
 .debug_info    0x0000aca0     0x14d1 ./Drivers/STM32WBxx_HAL_Driver/Src/stm32wbxx_hal_rcc.o
 .debug_info    0x0000c171     0x1c40 ./Drivers/STM32WBxx_HAL_Driver/Src/stm32wbxx_hal_rcc_ex.o
 .debug_info    0x0000ddb1      0xcc7 ./Drivers/STM32WBxx_HAL_Driver/Src/stm32wbxx_hal_rtc.o
 .debug_info    0x0000ea78      0xfc6 ./Drivers/STM32WBxx_HAL_Driver/Src/stm32wbxx_hal_rtc_ex.o
 .debug_info    0x0000fa3e     0x37fc ./Middlewares/ST/STM32_WPAN/ble/core/auto/ble_gap_aci.o
 .debug_info    0x0001323a     0x30a8 ./Middlewares/ST/STM32_WPAN/ble/core/auto/ble_gatt_aci.o
 .debug_info    0x000162e2      0xd4d ./Middlewares/ST/STM32_WPAN/ble/core/auto/ble_hal_aci.o
 .debug_info    0x0001702f     0x3e3e ./Middlewares/ST/STM32_WPAN/ble/core/auto/ble_hci_le.o
 .debug_info    0x0001ae6d      0x1b8 ./Middlewares/ST/STM32_WPAN/ble/core/template/osal.o
 .debug_info    0x0001b025      0x488 ./Middlewares/ST/STM32_WPAN/ble/svc/Src/svc_ctl.o
 .debug_info    0x0001b4ad     0x19fb ./Middlewares/ST/STM32_WPAN/interface/patterns/ble_thread/shci/shci.o
 .debug_info    0x0001cea8      0x978 ./Middlewares/ST/STM32_WPAN/interface/patterns/ble_thread/tl/hci_tl.o
 .debug_info    0x0001d820      0x1e0 ./Middlewares/ST/STM32_WPAN/interface/patterns/ble_thread/tl/hci_tl_if.o
 .debug_info    0x0001da00      0x7d8 ./Middlewares/ST/STM32_WPAN/interface/patterns/ble_thread/tl/shci_tl.o
 .debug_info    0x0001e1d8      0x1e0 ./Middlewares/ST/STM32_WPAN/interface/patterns/ble_thread/tl/shci_tl_if.o
 .debug_info    0x0001e3b8      0xd96 ./Middlewares/ST/STM32_WPAN/interface/patterns/ble_thread/tl/tl_mbox.o
 .debug_info    0x0001f14e       0xd5 ./Middlewares/ST/STM32_WPAN/utilities/otp.o
 .debug_info    0x0001f223      0x6d5 ./Middlewares/ST/STM32_WPAN/utilities/stm_list.o
 .debug_info    0x0001f8f8     0x12d1 ./STM32_WPAN/App/app_ble.o
 .debug_info    0x00020bc9      0x4a7 ./STM32_WPAN/App/custom_app.o
 .debug_info    0x00021070      0x731 ./STM32_WPAN/App/custom_stm.o
 .debug_info    0x000217a1      0xd46 ./STM32_WPAN/Target/hw_ipcc.o
 .debug_info    0x000224e7      0x3b8 ./Utilities/lpm/tiny_lpm/stm32_lpm.o
 .debug_info    0x0002289f      0x979 ./Utilities/sequencer/stm32_seq.o

.debug_abbrev   0x00000000     0x5220
 .debug_abbrev  0x00000000      0x255 ./Core/Src/app_debug.o
 .debug_abbrev  0x00000255      0x3ac ./Core/Src/app_entry.o
 .debug_abbrev  0x00000601      0x33a ./Core/Src/hw_timerserver.o
 .debug_abbrev  0x0000093b      0x334 ./Core/Src/main.o
 .debug_abbrev  0x00000c6f      0x221 ./Core/Src/stm32wbxx_hal_msp.o
 .debug_abbrev  0x00000e90       0xa1 ./Core/Src/stm32wbxx_it.o
 .debug_abbrev  0x00000f31      0x13b ./Core/Src/system_stm32wbxx.o
 .debug_abbrev  0x0000106c       0x24 ./Core/Startup/startup_stm32wb55rgvx.o
 .debug_abbrev  0x00001090      0x367 ./Drivers/STM32WBxx_HAL_Driver/Src/stm32wbxx_hal.o
 .debug_abbrev  0x000013f7      0x319 ./Drivers/STM32WBxx_HAL_Driver/Src/stm32wbxx_hal_cortex.o
 .debug_abbrev  0x00001710      0x1e5 ./Drivers/STM32WBxx_HAL_Driver/Src/stm32wbxx_hal_gpio.o
 .debug_abbrev  0x000018f5      0x1e4 ./Drivers/STM32WBxx_HAL_Driver/Src/stm32wbxx_hal_hsem.o
 .debug_abbrev  0x00001ad9      0x252 ./Drivers/STM32WBxx_HAL_Driver/Src/stm32wbxx_hal_ipcc.o
 .debug_abbrev  0x00001d2b      0x205 ./Drivers/STM32WBxx_HAL_Driver/Src/stm32wbxx_hal_pwr.o
 .debug_abbrev  0x00001f30      0x31c ./Drivers/STM32WBxx_HAL_Driver/Src/stm32wbxx_hal_pwr_ex.o
 .debug_abbrev  0x0000224c      0x31b ./Drivers/STM32WBxx_HAL_Driver/Src/stm32wbxx_hal_rcc.o
 .debug_abbrev  0x00002567      0x35a ./Drivers/STM32WBxx_HAL_Driver/Src/stm32wbxx_hal_rcc_ex.o
 .debug_abbrev  0x000028c1      0x1ff ./Drivers/STM32WBxx_HAL_Driver/Src/stm32wbxx_hal_rtc.o
 .debug_abbrev  0x00002ac0      0x208 ./Drivers/STM32WBxx_HAL_Driver/Src/stm32wbxx_hal_rtc_ex.o
 .debug_abbrev  0x00002cc8      0x1c7 ./Middlewares/ST/STM32_WPAN/ble/core/auto/ble_gap_aci.o
 .debug_abbrev  0x00002e8f      0x205 ./Middlewares/ST/STM32_WPAN/ble/core/auto/ble_gatt_aci.o
 .debug_abbrev  0x00003094      0x1b8 ./Middlewares/ST/STM32_WPAN/ble/core/auto/ble_hal_aci.o
 .debug_abbrev  0x0000324c      0x1d1 ./Middlewares/ST/STM32_WPAN/ble/core/auto/ble_hci_le.o
 .debug_abbrev  0x0000341d       0xcc ./Middlewares/ST/STM32_WPAN/ble/core/template/osal.o
 .debug_abbrev  0x000034e9      0x1c5 ./Middlewares/ST/STM32_WPAN/ble/svc/Src/svc_ctl.o
 .debug_abbrev  0x000036ae      0x1d7 ./Middlewares/ST/STM32_WPAN/interface/patterns/ble_thread/shci/shci.o
 .debug_abbrev  0x00003885      0x262 ./Middlewares/ST/STM32_WPAN/interface/patterns/ble_thread/tl/hci_tl.o
 .debug_abbrev  0x00003ae7       0xce ./Middlewares/ST/STM32_WPAN/interface/patterns/ble_thread/tl/hci_tl_if.o
 .debug_abbrev  0x00003bb5      0x202 ./Middlewares/ST/STM32_WPAN/interface/patterns/ble_thread/tl/shci_tl.o
 .debug_abbrev  0x00003db7       0xce ./Middlewares/ST/STM32_WPAN/interface/patterns/ble_thread/tl/shci_tl_if.o
 .debug_abbrev  0x00003e85      0x27a ./Middlewares/ST/STM32_WPAN/interface/patterns/ble_thread/tl/tl_mbox.o
 .debug_abbrev  0x000040ff       0x83 ./Middlewares/ST/STM32_WPAN/utilities/otp.o
 .debug_abbrev  0x00004182      0x189 ./Middlewares/ST/STM32_WPAN/utilities/stm_list.o
 .debug_abbrev  0x0000430b      0x365 ./STM32_WPAN/App/app_ble.o
 .debug_abbrev  0x00004670      0x1f9 ./STM32_WPAN/App/custom_app.o
 .debug_abbrev  0x00004869      0x2d4 ./STM32_WPAN/App/custom_stm.o
 .debug_abbrev  0x00004b3d      0x288 ./STM32_WPAN/Target/hw_ipcc.o
 .debug_abbrev  0x00004dc5      0x1e1 ./Utilities/lpm/tiny_lpm/stm32_lpm.o
 .debug_abbrev  0x00004fa6      0x27a ./Utilities/sequencer/stm32_seq.o

.debug_aranges  0x00000000     0x2290
 .debug_aranges
                0x00000000       0x50 ./Core/Src/app_debug.o
 .debug_aranges
                0x00000050      0x110 ./Core/Src/app_entry.o
 .debug_aranges
                0x00000160       0xa8 ./Core/Src/hw_timerserver.o
 .debug_aranges
                0x00000208       0x68 ./Core/Src/main.o
 .debug_aranges
                0x00000270       0x70 ./Core/Src/stm32wbxx_hal_msp.o
 .debug_aranges
                0x000002e0       0x88 ./Core/Src/stm32wbxx_it.o
 .debug_aranges
                0x00000368       0x28 ./Core/Src/system_stm32wbxx.o
 .debug_aranges
                0x00000390       0x30 ./Core/Startup/startup_stm32wb55rgvx.o
 .debug_aranges
                0x000003c0      0x280 ./Drivers/STM32WBxx_HAL_Driver/Src/stm32wbxx_hal.o
 .debug_aranges
                0x00000640      0x118 ./Drivers/STM32WBxx_HAL_Driver/Src/stm32wbxx_hal_cortex.o
 .debug_aranges
                0x00000758       0x60 ./Drivers/STM32WBxx_HAL_Driver/Src/stm32wbxx_hal_gpio.o
 .debug_aranges
                0x000007b8       0x70 ./Drivers/STM32WBxx_HAL_Driver/Src/stm32wbxx_hal_hsem.o
 .debug_aranges
                0x00000828       0xa0 ./Drivers/STM32WBxx_HAL_Driver/Src/stm32wbxx_hal_ipcc.o
 .debug_aranges
                0x000008c8       0xd0 ./Drivers/STM32WBxx_HAL_Driver/Src/stm32wbxx_hal_pwr.o
 .debug_aranges
                0x00000998      0x288 ./Drivers/STM32WBxx_HAL_Driver/Src/stm32wbxx_hal_pwr_ex.o
 .debug_aranges
                0x00000c20      0x270 ./Drivers/STM32WBxx_HAL_Driver/Src/stm32wbxx_hal_rcc.o
 .debug_aranges
                0x00000e90      0x390 ./Drivers/STM32WBxx_HAL_Driver/Src/stm32wbxx_hal_rcc_ex.o
 .debug_aranges
                0x00001220       0xe0 ./Drivers/STM32WBxx_HAL_Driver/Src/stm32wbxx_hal_rtc.o
 .debug_aranges
                0x00001300      0x140 ./Drivers/STM32WBxx_HAL_Driver/Src/stm32wbxx_hal_rtc_ex.o
 .debug_aranges
                0x00001440      0x1c8 ./Middlewares/ST/STM32_WPAN/ble/core/auto/ble_gap_aci.o
 .debug_aranges
                0x00001608      0x198 ./Middlewares/ST/STM32_WPAN/ble/core/auto/ble_gatt_aci.o
 .debug_aranges
                0x000017a0       0xb8 ./Middlewares/ST/STM32_WPAN/ble/core/auto/ble_hal_aci.o
 .debug_aranges
                0x00001858      0x290 ./Middlewares/ST/STM32_WPAN/ble/core/auto/ble_hci_le.o
 .debug_aranges
                0x00001ae8       0x30 ./Middlewares/ST/STM32_WPAN/ble/core/template/osal.o
 .debug_aranges
                0x00001b18       0xd0 ./Middlewares/ST/STM32_WPAN/ble/svc/Src/svc_ctl.o
 .debug_aranges
                0x00001be8      0x118 ./Middlewares/ST/STM32_WPAN/interface/patterns/ble_thread/shci/shci.o
 .debug_aranges
                0x00001d00       0x68 ./Middlewares/ST/STM32_WPAN/interface/patterns/ble_thread/tl/hci_tl.o
 .debug_aranges
                0x00001d68       0x20 ./Middlewares/ST/STM32_WPAN/interface/patterns/ble_thread/tl/hci_tl_if.o
 .debug_aranges
                0x00001d88       0x68 ./Middlewares/ST/STM32_WPAN/interface/patterns/ble_thread/tl/shci_tl.o
 .debug_aranges